Component: ARM Compiler 6.16 Tool: armlink [5dfeaa00]

==============================================================================

Section Cross References

    main.o(.text.Init_GPIO) refers to gd32f4xx_rcu.o(.text.rcu_periph_clock_enable) for rcu_periph_clock_enable
    main.o(.text.Init_GPIO) refers to gd32f4xx_gpio.o(.text.gpio_mode_set) for gpio_mode_set
    main.o(.text.Init_GPIO) refers to gd32f4xx_gpio.o(.text.gpio_output_options_set) for gpio_output_options_set
    main.o(.ARM.exidx.text.Init_GPIO) refers to main.o(.text.Init_GPIO) for [Anonymous Symbol]
    main.o(.text.Init_Debug) refers to gd32f4xx_rcu.o(.text.rcu_periph_clock_enable) for rcu_periph_clock_enable
    main.o(.text.Init_Debug) refers to gd32f4xx_gpio.o(.text.gpio_af_set) for gpio_af_set
    main.o(.text.Init_Debug) refers to gd32f4xx_gpio.o(.text.gpio_mode_set) for gpio_mode_set
    main.o(.text.Init_Debug) refers to gd32f4xx_gpio.o(.text.gpio_output_options_set) for gpio_output_options_set
    main.o(.text.Init_Debug) refers to gd32f4xx_usart.o(.text.usart_deinit) for usart_deinit
    main.o(.text.Init_Debug) refers to gd32f4xx_usart.o(.text.usart_baudrate_set) for usart_baudrate_set
    main.o(.text.Init_Debug) refers to gd32f4xx_usart.o(.text.usart_word_length_set) for usart_word_length_set
    main.o(.text.Init_Debug) refers to gd32f4xx_usart.o(.text.usart_stop_bit_set) for usart_stop_bit_set
    main.o(.text.Init_Debug) refers to gd32f4xx_usart.o(.text.usart_parity_config) for usart_parity_config
    main.o(.text.Init_Debug) refers to gd32f4xx_usart.o(.text.usart_receive_config) for usart_receive_config
    main.o(.text.Init_Debug) refers to gd32f4xx_usart.o(.text.usart_transmit_config) for usart_transmit_config
    main.o(.text.Init_Debug) refers to gd32f4xx_usart.o(.text.usart_enable) for usart_enable
    main.o(.ARM.exidx.text.Init_Debug) refers to main.o(.text.Init_Debug) for [Anonymous Symbol]
    main.o(.text.Init_MQTT) refers to gd32f4xx_rcu.o(.text.rcu_periph_clock_enable) for rcu_periph_clock_enable
    main.o(.text.Init_MQTT) refers to gd32f4xx_gpio.o(.text.gpio_af_set) for gpio_af_set
    main.o(.text.Init_MQTT) refers to gd32f4xx_gpio.o(.text.gpio_mode_set) for gpio_mode_set
    main.o(.text.Init_MQTT) refers to gd32f4xx_gpio.o(.text.gpio_output_options_set) for gpio_output_options_set
    main.o(.text.Init_MQTT) refers to gd32f4xx_usart.o(.text.usart_deinit) for usart_deinit
    main.o(.text.Init_MQTT) refers to gd32f4xx_usart.o(.text.usart_baudrate_set) for usart_baudrate_set
    main.o(.text.Init_MQTT) refers to gd32f4xx_usart.o(.text.usart_word_length_set) for usart_word_length_set
    main.o(.text.Init_MQTT) refers to gd32f4xx_usart.o(.text.usart_stop_bit_set) for usart_stop_bit_set
    main.o(.text.Init_MQTT) refers to gd32f4xx_usart.o(.text.usart_parity_config) for usart_parity_config
    main.o(.text.Init_MQTT) refers to gd32f4xx_usart.o(.text.usart_receive_config) for usart_receive_config
    main.o(.text.Init_MQTT) refers to gd32f4xx_usart.o(.text.usart_transmit_config) for usart_transmit_config
    main.o(.text.Init_MQTT) refers to gd32f4xx_usart.o(.text.usart_enable) for usart_enable
    main.o(.ARM.exidx.text.Init_MQTT) refers to main.o(.text.Init_MQTT) for [Anonymous Symbol]
    main.o(.text.can_config) refers to memcpya.o(.text) for __aeabi_memcpy
    main.o(.text.can_config) refers to gd32f4xx_can.o(.text.can_struct_para_init) for can_struct_para_init
    main.o(.text.can_config) refers to gd32f4xx_can.o(.text.can_deinit) for can_deinit
    main.o(.text.can_config) refers to gd32f4xx_can.o(.text.can_init) for can_init
    main.o(.text.can_config) refers to gd32f4xx_can.o(.text.can_filter_init) for can_filter_init
    main.o(.ARM.exidx.text.can_config) refers to main.o(.text.can_config) for [Anonymous Symbol]
    main.o(.text.CAN0_RX0_IRQHandler) refers to main.o(.bss.receive_message) for receive_message
    main.o(.text.CAN0_RX0_IRQHandler) refers to gd32f4xx_can.o(.text.can_message_receive) for can_message_receive
    main.o(.text.CAN0_RX0_IRQHandler) refers to main.o(.bss.canDataBuffer) for canDataBuffer
    main.o(.text.CAN0_RX0_IRQHandler) refers to main.o(.bss.can0_receive_flag) for can0_receive_flag
    main.o(.text.CAN0_RX0_IRQHandler) refers to main.o(.bss.can0_error_flag) for can0_error_flag
    main.o(.text.CAN0_RX0_IRQHandler) refers to gd32f4xx_gpio.o(.text.gpio_bit_toggle) for gpio_bit_toggle
    main.o(.ARM.exidx.text.CAN0_RX0_IRQHandler) refers to main.o(.text.CAN0_RX0_IRQHandler) for [Anonymous Symbol]
    main.o(.text.Init_CAN) refers to main.o(.bss.can0_receive_flag) for can0_receive_flag
    main.o(.text.Init_CAN) refers to main.o(.bss.can0_error_flag) for can0_error_flag
    main.o(.text.Init_CAN) refers to main.o(.bss.transmit_message) for transmit_message
    main.o(.text.Init_CAN) refers to gd32f4xx_can.o(.text.can_struct_para_init) for can_struct_para_init
    main.o(.text.Init_CAN) refers to main.o(.bss.receive_message) for receive_message
[...]
    [Anonymous Symbol]                       0x08005860   Section        0  queue.o(.text.xQueueReceive)
    [Anonymous Symbol]                       0x080059b4   Section        0  tasks.o(.text.xTaskCheckForTimeOut)
    [Anonymous Symbol]                       0x08005a50   Section        0  tasks.o(.text.xTaskCreate)
    [Anonymous Symbol]                       0x08005af8   Section        0  tasks.o(.text.xTaskCreateStatic)
    [Anonymous Symbol]                       0x08005b74   Section        0  tasks.o(.text.xTaskGetSchedulerState)
    [Anonymous Symbol]                       0x08005bac   Section        0  tasks.o(.text.xTaskGetTickCount)
    [Anonymous Symbol]                       0x08005bc0   Section        0  tasks.o(.text.xTaskIncrementTick)
    [Anonymous Symbol]                       0x08005ddc   Section        0  tasks.o(.text.xTaskPriorityDisinherit)
    [Anonymous Symbol]                       0x08005ec4   Section        0  tasks.o(.text.xTaskRemoveFromEventList)
    [Anonymous Symbol]                       0x08006040   Section        0  tasks.o(.text.xTaskResumeAll)
    [Anonymous Symbol]                       0x0800624c   Section        0  timers.o(.text.xTimerCreate)
    [Anonymous Symbol]                       0x08006298   Section        0  timers.o(.text.xTimerCreateStatic)
    [Anonymous Symbol]                       0x080062e4   Section        0  timers.o(.text.xTimerCreateTimerTask)
    [Anonymous Symbol]                       0x0800635c   Section        0  timers.o(.text.xTimerGenericCommand)
    [Anonymous Symbol]                       0x080063f0   Section        0  timers.o(.text.xTimerIsTimerActive)
    [Anonymous Symbol]                       0x08006420   Section        0  main.o(.text.zdw_uart0_send_string)
    i.__0printf                              0x0800646c   Section        0  printfa.o(i.__0printf)
    i.__0sprintf                             0x0800648c   Section        0  printfa.o(i.__0sprintf)
    i.__0vsprintf                            0x080064b4   Section        0  printfa.o(i.__0vsprintf)
    i.__aeabi_errno_addr                     0x080064d8   Section        0  errno.o(i.__aeabi_errno_addr)
    i.__scatterload_copy                     0x080064e0   Section       14  handlers.o(i.__scatterload_copy)
    i.__scatterload_null                     0x080064ee   Section        2  handlers.o(i.__scatterload_null)
    i.__scatterload_zeroinit                 0x080064f0   Section       14  handlers.o(i.__scatterload_zeroinit)
    _fp_digits                               0x08006501   Thumb Code   366  printfa.o(i._fp_digits)
    i._fp_digits                             0x08006500   Section        0  printfa.o(i._fp_digits)
    _printf_core                             0x08006685   Thumb Code  1744  printfa.o(i._printf_core)
    i._printf_core                           0x08006684   Section        0  printfa.o(i._printf_core)
    _printf_post_padding                     0x08006d61   Thumb Code    36  printfa.o(i._printf_post_padding)
    i._printf_post_padding                   0x08006d60   Section        0  printfa.o(i._printf_post_padding)
    _printf_pre_padding                      0x08006d85   Thumb Code    46  printfa.o(i._printf_pre_padding)
    i._printf_pre_padding                    0x08006d84   Section        0  printfa.o(i._printf_pre_padding)
    _sputc                                   0x08006db3   Thumb Code    10  printfa.o(i._sputc)
    i._sputc                                 0x08006db2   Section        0  printfa.o(i._sputc)
    monlen                                   0x08006dbc   Data          12  mktime.o(.constdata)
    .constdata                               0x08006dbc   Section       12  mktime.o(.constdata)
    monlen                                   0x08006dc8   Data          12  localtime_i.o(.constdata)
    .constdata                               0x08006dc8   Section       12  localtime_i.o(.constdata)
    .constdata                               0x08006dd4   Section      129  ctype_o.o(.constdata)
    table                                    0x08006e58   Data           4  ctype_o.o(.constdata)
    .constdata                               0x08006e58   Section        4  ctype_o.o(.constdata)
    .L.str.55                                0x08006e5c   Data          28  main.o(.rodata.str1.1)
    [Anonymous Symbol]                       0x08006e5c   Section        0  main.o(.rodata.str1.1)
    .L.str.79                                0x08006e78   Data          42  main.o(.rodata.str1.1)
    .L.str.80                                0x08006ea2   Data          47  main.o(.rodata.str1.1)
    .L.str.31                                0x08006ed1   Data          26  main.o(.rodata.str1.1)
    .L.str.63                                0x08006eeb   Data          16  main.o(.rodata.str1.1)
    .L.str.21                                0x08006efb   Data          35  main.o(.rodata.str1.1)
    .L.str.65                                0x08006f1e   Data          71  main.o(.rodata.str1.1)
    .L.str.54                                0x08006f65   Data          26  main.o(.rodata.str1.1)
    .L.str.46                                0x08006f7f   Data          26  main.o(.rodata.str1.1)
    .L.str.24                                0x08006f99   Data          35  main.o(.rodata.str1.1)
    .L.str.16                                0x08006fbc   Data          34  main.o(.rodata.str1.1)
    .L.str.39                                0x08006fde   Data          25  main.o(.rodata.str1.1)
    .L.str.36                                0x08006ff7   Data          19  main.o(.rodata.str1.1)
    .L.str.48                                0x0800700a   Data          42  main.o(.rodata.str1.1)
    .L.str.32                                0x08007034   Data          25  main.o(.rodata.str1.1)
    .L.str.52                                0x0800704d   Data          25  main.o(.rodata.str1.1)
    .L.str.57                                0x08007066   Data          24  main.o(.rodata.str1.1)
    .L.str.61                                0x0800707e   Data          29  main.o(.rodata.str1.1)
    .L.str.30                                0x0800709b   Data          27  main.o(.rodata.str1.1)
    .L.str.12                                0x080070b6   Data          23  main.o(.rodata.str1.1)
    .L.str.60                                0x080070cd   Data          31  main.o(.rodata.str1.1)
    .L.str.72                                0x080070ec   Data          28  main.o(.rodata.str1.1)
    .L.str.78                                0x08007108   Data          25  main.o(.rodata.str1.1)
    .L.str.42                                0x08007121   Data          19  main.o(.rodata.str1.1)
    .L.str                                   0x08007134   Data          22  main.o(.rodata.str1.1)
    .L.str.7                                 0x0800714a   Data          17  main.o(.rodata.str1.1)
    .L.str.11                                0x0800715b   Data          18  main.o(.rodata.str1.1)
    .L.str.8                                 0x0800716d   Data          94  main.o(.rodata.str1.1)
    .L.str.34                                0x080071cb   Data          53  main.o(.rodata.str1.1)
    .L.str.76                                0x08007200   Data          12  main.o(.rodata.str1.1)
    .L.str.71                                0x0800720c   Data          36  main.o(.rodata.str1.1)
    .L.str.2                                 0x08007230   Data          19  main.o(.rodata.str1.1)
    .L.str.59                                0x08007243   Data          15  main.o(.rodata.str1.1)
    .L.str.62                                0x08007252   Data          26  main.o(.rodata.str1.1)
    .L.str.70                                0x0800726c   Data          15  main.o(.rodata.str1.1)
    .L.str.66                                0x0800727b   Data          19  main.o(.rodata.str1.1)
    .L.str.19                                0x0800728e   Data          19  main.o(.rodata.str1.1)
    .L.str.69                                0x080072a1   Data          14  main.o(.rodata.str1.1)
    .L.str.50                                0x080072af   Data           9  main.o(.rodata.str1.1)
    .L.str.44                                0x080072b8   Data           8  main.o(.rodata.str1.1)
    .L.str.64                                0x080072c0   Data          60  main.o(.rodata.str1.1)
    .L.str.67                                0x080072fc   Data          23  main.o(.rodata.str1.1)
    .L.str.14                                0x08007313   Data          19  main.o(.rodata.str1.1)
    .L.str.53                                0x08007326   Data          14  main.o(.rodata.str1.1)
    .L.str.51                                0x08007334   Data          11  main.o(.rodata.str1.1)
    .L.str.45                                0x0800733f   Data          10  main.o(.rodata.str1.1)
    .L.str.23                                0x08007349   Data          19  main.o(.rodata.str1.1)
    .L.str.41                                0x0800735c   Data           8  main.o(.rodata.str1.1)
    .L.str.10                                0x08007364   Data           7  main.o(.rodata.str1.1)
    .L.str.6                                 0x0800736b   Data          11  main.o(.rodata.str1.1)
    .L.str.4                                 0x08007376   Data           6  main.o(.rodata.str1.1)
    .L.str.15                                0x0800737c   Data           2  main.o(.rodata.str1.1)
    .L.str.9                                 0x0800737e   Data           9  main.o(.rodata.str1.1)
    .L.str.37                                0x08007387   Data           9  main.o(.rodata.str1.1)
    .L.str.49                                0x08007390   Data          10  main.o(.rodata.str1.1)
    .L.str.43                                0x0800739a   Data           9  main.o(.rodata.str1.1)
    .L.str.40                                0x080073a3   Data          10  main.o(.rodata.str1.1)
    .L.str.33                                0x080073ad   Data           8  main.o(.rodata.str1.1)
    .L.str.20                                0x080073b5   Data           3  main.o(.rodata.str1.1)
    .L.str.5                                 0x080073b8   Data          12  main.o(.rodata.str1.1)
    .L.str.3                                 0x080073c4   Data           7  main.o(.rodata.str1.1)
    .L.str.56                                0x080073cb   Data           9  main.o(.rodata.str1.1)
    .L.str.35                                0x080073d4   Data           3  main.o(.rodata.str1.1)
    .L.str.58                                0x080073d7   Data          14  main.o(.rodata.str1.1)
    .L.str.47                                0x080073e5   Data           5  main.o(.rodata.str1.1)
    .L.str.38                                0x080073ea   Data          13  main.o(.rodata.str1.1)
    .L.str.1                                 0x080073f7   Data           5  main.o(.rodata.str1.1)
    .L.str.73                                0x080073fc   Data          35  main.o(.rodata.str1.1)
    .L.str.75                                0x0800741f   Data          38  main.o(.rodata.str1.1)
    .L.str.22                                0x08007445   Data          16  main.o(.rodata.str1.1)
    .L.str.26                                0x08007455   Data          16  main.o(.rodata.str1.1)
    .L.str.28                                0x08007465   Data          17  main.o(.rodata.str1.1)
    .L.str.13                                0x08007476   Data          15  main.o(.rodata.str1.1)
    .L.str.74                                0x08007482   Data           3  main.o(.rodata.str1.1)
    .L.str.68                                0x08007495   Data           4  main.o(.rodata.str1.1)
    .L.str.29                                0x08007499   Data         122  main.o(.rodata.str1.1)
    .L.str.25                                0x08007513   Data         160  main.o(.rodata.str1.1)
    .L.str.27                                0x080075b3   Data         465  main.o(.rodata.str1.1)
    .L.str.18                                0x08007784   Data         104  main.o(.rodata.str1.1)
    .L.str.17                                0x080077eb   Data           1  main.o(.rodata.str1.1)
    .L.str                                   0x080077ec   Data           5  tasks.o(.rodata.str1.1)
    [Anonymous Symbol]                       0x080077ec   Section        0  tasks.o(.rodata.str1.1)
    .L.str                                   0x080077f1   Data           8  timers.o(.rodata.str1.1)
    [Anonymous Symbol]                       0x080077f1   Section        0  timers.o(.rodata.str1.1)
    .data                                    0x20000000   Section        4  stdout.o(.data)
    _errno                                   0x20000004   Data           4  errno.o(.data)
    .data                                    0x20000004   Section        4  errno.o(.data)
    uxCriticalNesting                        0x2000000c   Data           4  port.o(.data.uxCriticalNesting)
    [Anonymous Symbol]                       0x2000000c   Section        0  port.o(.data.uxCriticalNesting)
    KernelState                              0x20000010   Data           4  cmsis_os2.o(.bss.KernelState)
    [Anonymous Symbol]                       0x20000010   Section        0  cmsis_os2.o(.bss.KernelState)
    prvCheckForValidListAndQueue.ucStaticTimerQueueStorage 0x2000006c   Data          80  timers.o(.bss.prvCheckForValidListAndQueue.ucStaticTimerQueueStorage)
    [Anonymous Symbol]                       0x2000006c   Section        0  timers.o(.bss.prvCheckForValidListAndQueue.ucStaticTimerQueueStorage)
    prvCheckForValidListAndQueue.xStaticTimerQueue 0x200000bc   Data          80  timers.o(.bss.prvCheckForValidListAndQueue.xStaticTimerQueue)
    [Anonymous Symbol]                       0x200000bc   Section        0  timers.o(.bss.prvCheckForValidListAndQueue.xStaticTimerQueue)
    prvSampleTimeNow.xLastTime               0x2000010c   Data           4  timers.o(.bss.prvSampleTimeNow.xLastTime)
    [Anonymous Symbol]                       0x2000010c   Section        0  timers.o(.bss.prvSampleTimeNow.xLastTime)
    __tagsym$$used.1                         0x20000110   Number         0  tasks.o(.bss.pxCurrentTCB)
    pxCurrentTimerList                       0x20000114   Data           4  timers.o(.bss.pxCurrentTimerList)
    [Anonymous Symbol]                       0x20000114   Section        0  timers.o(.bss.pxCurrentTimerList)
    pxDelayedTaskList                        0x20000118   Data           4  tasks.o(.bss.pxDelayedTaskList)
    [Anonymous Symbol]                       0x20000118   Section        0  tasks.o(.bss.pxDelayedTaskList)
    pxEnd                                    0x2000011c   Data           4  heap_4.o(.bss.pxEnd)
    [Anonymous Symbol]                       0x2000011c   Section        0  heap_4.o(.bss.pxEnd)
    pxOverflowDelayedTaskList                0x20000120   Data           4  tasks.o(.bss.pxOverflowDelayedTaskList)
    [Anonymous Symbol]                       0x20000120   Section        0  tasks.o(.bss.pxOverflowDelayedTaskList)
    pxOverflowTimerList                      0x20000124   Data           4  timers.o(.bss.pxOverflowTimerList)
    [Anonymous Symbol]                       0x20000124   Section        0  timers.o(.bss.pxOverflowTimerList)
    pxReadyTasksLists                        0x20000128   Data        1120  tasks.o(.bss.pxReadyTasksLists)
    [Anonymous Symbol]                       0x20000128   Section        0  tasks.o(.bss.pxReadyTasksLists)
    ucHeap                                   0x20000dc8   Data        8192  heap_4.o(.bss.ucHeap)
    [Anonymous Symbol]                       0x20000dc8   Section        0  heap_4.o(.bss.ucHeap)
    uxCurrentNumberOfTasks                   0x20002dcc   Data           4  tasks.o(.bss.uxCurrentNumberOfTasks)
    [Anonymous Symbol]                       0x20002dcc   Section        0  tasks.o(.bss.uxCurrentNumberOfTasks)
    uxDeletedTasksWaitingCleanUp             0x20002dd0   Data           4  tasks.o(.bss.uxDeletedTasksWaitingCleanUp)
    [Anonymous Symbol]                       0x20002dd0   Section        0  tasks.o(.bss.uxDeletedTasksWaitingCleanUp)
    uxSchedulerSuspended                     0x20002dd4   Data           4  tasks.o(.bss.uxSchedulerSuspended)
    [Anonymous Symbol]                       0x20002dd4   Section        0  tasks.o(.bss.uxSchedulerSuspended)
    uxTaskNumber                             0x20002dd8   Data           4  tasks.o(.bss.uxTaskNumber)
    [Anonymous Symbol]                       0x20002dd8   Section        0  tasks.o(.bss.uxTaskNumber)
    uxTopReadyPriority                       0x20002ddc   Data           4  tasks.o(.bss.uxTopReadyPriority)
    [Anonymous Symbol]                       0x20002ddc   Section        0  tasks.o(.bss.uxTopReadyPriority)
    vApplicationGetIdleTaskMemory.Idle_Stack 0x20002de0   Data         512  cmsis_os2.o(.bss.vApplicationGetIdleTaskMemory.Idle_Stack)
    [Anonymous Symbol]                       0x20002de0   Section        0  cmsis_os2.o(.bss.vApplicationGetIdleTaskMemory.Idle_Stack)
    vApplicationGetIdleTaskMemory.Idle_TCB   0x20002fe0   Data          92  cmsis_os2.o(.bss.vApplicationGetIdleTaskMemory.Idle_TCB)
    [Anonymous Symbol]                       0x20002fe0   Section        0  cmsis_os2.o(.bss.vApplicationGetIdleTaskMemory.Idle_TCB)
    vApplicationGetTimerTaskMemory.Timer_Stack 0x2000303c   Data         320  cmsis_os2.o(.bss.vApplicationGetTimerTaskMemory.Timer_Stack)
    [Anonymous Symbol]                       0x2000303c   Section        0  cmsis_os2.o(.bss.vApplicationGetTimerTaskMemory.Timer_Stack)
    vApplicationGetTimerTaskMemory.Timer_TCB 0x2000317c   Data          92  cmsis_os2.o(.bss.vApplicationGetTimerTaskMemory.Timer_TCB)
    [Anonymous Symbol]                       0x2000317c   Section        0  cmsis_os2.o(.bss.vApplicationGetTimerTaskMemory.Timer_TCB)
    xActiveTimerList1                        0x200031d8   Data          20  timers.o(.bss.xActiveTimerList1)
    [Anonymous Symbol]                       0x200031d8   Section        0  timers.o(.bss.xActiveTimerList1)
    xActiveTimerList2                        0x200031ec   Data          20  timers.o(.bss.xActiveTimerList2)
    [Anonymous Symbol]                       0x200031ec   Section        0  timers.o(.bss.xActiveTimerList2)
    xDelayedTaskList1                        0x20003200   Data          20  tasks.o(.bss.xDelayedTaskList1)
    [Anonymous Symbol]                       0x20003200   Section        0  tasks.o(.bss.xDelayedTaskList1)
    xDelayedTaskList2                        0x20003214   Data          20  tasks.o(.bss.xDelayedTaskList2)
    [Anonymous Symbol]                       0x20003214   Section        0  tasks.o(.bss.xDelayedTaskList2)
    xFreeBytesRemaining                      0x20003228   Data           4  heap_4.o(.bss.xFreeBytesRemaining)
    [Anonymous Symbol]                       0x20003228   Section        0  heap_4.o(.bss.xFreeBytesRemaining)
    xIdleTaskHandle                          0x2000322c   Data           4  tasks.o(.bss.xIdleTaskHandle)
    [Anonymous Symbol]                       0x2000322c   Section        0  tasks.o(.bss.xIdleTaskHandle)
    xMinimumEverFreeBytesRemaining           0x20003230   Data           4  heap_4.o(.bss.xMinimumEverFreeBytesRemaining)
    [Anonymous Symbol]                       0x20003230   Section        0  heap_4.o(.bss.xMinimumEverFreeBytesRemaining)
    xNextTaskUnblockTime                     0x20003234   Data           4  tasks.o(.bss.xNextTaskUnblockTime)
    [Anonymous Symbol]                       0x20003234   Section        0  tasks.o(.bss.xNextTaskUnblockTime)
    xNumOfOverflows                          0x20003238   Data           4  tasks.o(.bss.xNumOfOverflows)
    [Anonymous Symbol]                       0x20003238   Section        0  tasks.o(.bss.xNumOfOverflows)
    xNumberOfSuccessfulAllocations           0x2000323c   Data           4  heap_4.o(.bss.xNumberOfSuccessfulAllocations)
    [Anonymous Symbol]                       0x2000323c   Section        0  heap_4.o(.bss.xNumberOfSuccessfulAllocations)
    xNumberOfSuccessfulFrees                 0x20003240   Data           4  heap_4.o(.bss.xNumberOfSuccessfulFrees)
    [Anonymous Symbol]                       0x20003240   Section        0  heap_4.o(.bss.xNumberOfSuccessfulFrees)
    xPendedTicks                             0x20003244   Data           4  tasks.o(.bss.xPendedTicks)
    [Anonymous Symbol]                       0x20003244   Section        0  tasks.o(.bss.xPendedTicks)
    xPendingReadyList                        0x20003248   Data          20  tasks.o(.bss.xPendingReadyList)
    [Anonymous Symbol]                       0x20003248   Section        0  tasks.o(.bss.xPendingReadyList)
    xSchedulerRunning                        0x2000325c   Data           4  tasks.o(.bss.xSchedulerRunning)
    [Anonymous Symbol]                       0x2000325c   Section        0  tasks.o(.bss.xSchedulerRunning)
    xStart                                   0x20003260   Data           8  heap_4.o(.bss.xStart)
    [Anonymous Symbol]                       0x20003260   Section        0  heap_4.o(.bss.xStart)
    xSuspendedTaskList                       0x20003268   Data          20  tasks.o(.bss.xSuspendedTaskList)
    [Anonymous Symbol]                       0x20003268   Section        0  tasks.o(.bss.xSuspendedTaskList)
    xTasksWaitingTermination                 0x2000327c   Data          20  tasks.o(.bss.xTasksWaitingTermination)
    [Anonymous Symbol]                       0x2000327c   Section        0  tasks.o(.bss.xTasksWaitingTermination)
    xTickCount                               0x20003290   Data           4  tasks.o(.bss.xTickCount)
    [Anonymous Symbol]                       0x20003290   Section        0  tasks.o(.bss.xTickCount)
    xTimerQueue                              0x20003294   Data           4  timers.o(.bss.xTimerQueue)
    [Anonymous Symbol]                       0x20003294   Section        0  timers.o(.bss.xTimerQueue)
    xTimerTaskHandle                         0x20003298   Data           4  timers.o(.bss.xTimerTaskHandle)
    [Anonymous Symbol]                       0x20003298   Section        0  timers.o(.bss.xTimerTaskHandle)
    xYieldPending                            0x2000329c   Data           4  tasks.o(.bss.xYieldPending)
    [Anonymous Symbol]                       0x2000329c   Section        0  tasks.o(.bss.xYieldPending)
    STACK                                    0x200032a0   Section     1024  startup_gd32f405_425_1.o(STACK)

    Global Symbols

    Symbol Name                              Value     Ov Type        Size  Object(Section)

    BuildAttributes$$THM_ISAv4$E$P$D$K$B$S$7EM$VFPi3$EXTD16$VFPS$VFMA$PE$A:L22UL41UL21$X:L11$S22US41US21$IEEE1$IW$~IW$USESV6$~STKCKD$USESV7$~SHL$OSPACE$ROPI$EBA8$MICROLIB$REQ8$PRES8$EABIv2 0x00000000   Number         0  anon$$obj.o ABSOLUTE
    __cpp_initialize__aeabi_                  - Undefined Weak Reference
    __cxa_finalize                            - Undefined Weak Reference
    __decompress                              - Undefined Weak Reference
    _clock_init                               - Undefined Weak Reference
    _microlib_exit                            - Undefined Weak Reference
    __Vectors_Size                           0x00000188   Number         0  startup_gd32f405_425_1.o ABSOLUTE
    __Vectors                                0x08000000   Data           4  startup_gd32f405_425_1.o(RESET)
    __Vectors_End                            0x08000188   Data           0  startup_gd32f405_425_1.o(RESET)
    __main                                   0x08000189   Thumb Code     0  entry.o(.ARM.Collect$$$$00000000)
    _main_stk                                0x08000189   Thumb Code     0  entry2.o(.ARM.Collect$$$$00000001)
    _main_scatterload                        0x0800018d   Thumb Code     0  entry5.o(.ARM.Collect$$$$00000004)
    __main_after_scatterload                 0x08000191   Thumb Code     0  entry5.o(.ARM.Collect$$$$00000004)
    _main_clock                              0x08000191   Thumb Code     0  entry7b.o(.ARM.Collect$$$$00000008)
    _main_cpp_init                           0x08000191   Thumb Code     0  entry8b.o(.ARM.Collect$$$$0000000A)
    _main_init                               0x08000191   Thumb Code     0  entry9a.o(.ARM.Collect$$$$0000000B)
    __rt_final_cpp                           0x08000199   Thumb Code     0  entry10a.o(.ARM.Collect$$$$0000000D)
    __rt_final_exit                          0x08000199   Thumb Code     0  entry11a.o(.ARM.Collect$$$$0000000F)
    Reset_Handler                            0x0800019d   Thumb Code     8  startup_gd32f405_425_1.o(.text)
    ADC_IRQHandler                           0x080001b7   Thumb Code     0  startup_gd32f405_425_1.o(.text)
    CAN0_EWMC_IRQHandler                     0x080001b7   Thumb Code     0  startup_gd32f405_425_1.o(.text)
    CAN0_RX1_IRQHandler                      0x080001b7   Thumb Code     0  startup_gd32f405_425_1.o(.text)
    CAN0_TX_IRQHandler                       0x080001b7   Thumb Code     0  startup_gd32f405_425_1.o(.text)
    CAN1_EWMC_IRQHandler                     0x080001b7   Thumb Code     0  startup_gd32f405_425_1.o(.text)
    CAN1_RX0_IRQHandler                      0x080001b7   Thumb Code     0  startup_gd32f405_425_1.o(.text)
    CAN1_RX1_IRQHandler                      0x080001b7   Thumb Code     0  startup_gd32f405_425_1.o(.text)
    CAN1_TX_IRQHandler                       0x080001b7   Thumb Code     0  startup_gd32f405_425_1.o(.text)
    DCI_IRQHandler                           0x080001b7   Thumb Code     0  startup_gd32f405_425_1.o(.text)
    DMA0_Channel0_IRQHandler                 0x080001b7   Thumb Code     0  startup_gd32f405_425_1.o(.text)
    DMA0_Channel1_IRQHandler                 0x080001b7   Thumb Code     0  startup_gd32f405_425_1.o(.text)
    DMA0_Channel2_IRQHandler                 0x080001b7   Thumb Code     0  startup_gd32f405_425_1.o(.text)
    DMA0_Channel3_IRQHandler                 0x080001b7   Thumb Code     0  startup_gd32f405_425_1.o(.text)
    DMA0_Channel4_IRQHandler                 0x080001b7   Thumb Code     0  startup_gd32f405_425_1.o(.text)
    DMA0_Channel5_IRQHandler                 0x080001b7   Thumb Code     0  startup_gd32f405_425_1.o(.text)
    DMA0_Channel6_IRQHandler                 0x080001b7   Thumb Code     0  startup_gd32f405_425_1.o(.text)
    DMA0_Channel7_IRQHandler                 0x080001b7   Thumb Code     0  startup_gd32f405_425_1.o(.text)
    DMA1_Channel0_IRQHandler                 0x080001b7   Thumb Code     0  startup_gd32f405_425_1.o(.text)
    DMA1_Channel1_IRQHandler                 0x080001b7   Thumb Code     0  startup_gd32f405_425_1.o(.text)
    DMA1_Channel2_IRQHandler                 0x080001b7   Thumb Code     0  startup_gd32f405_425_1.o(.text)
    DMA1_Channel3_IRQHandler                 0x080001b7   Thumb Code     0  startup_gd32f405_425_1.o(.text)
    DMA1_Channel4_IRQHandler                 0x080001b7   Thumb Code     0  startup_gd32f405_425_1.o(.text)
    DMA1_Channel5_IRQHandler                 0x080001b7   Thumb Code     0  startup_gd32f405_425_1.o(.text)
    DMA1_Channel6_IRQHandler                 0x080001b7   Thumb Code     0  startup_gd32f405_425_1.o(.text)
    DMA1_Channel7_IRQHandler                 0x080001b7   Thumb Code     0  startup_gd32f405_425_1.o(.text)
    EXTI0_IRQHandler                         0x080001b7   Thumb Code     0  startup_gd32f405_425_1.o(.text)
    EXTI10_15_IRQHandler                     0x080001b7   Thumb Code     0  startup_gd32f405_425_1.o(.text)
    EXTI1_IRQHandler                         0x080001b7   Thumb Code     0  startup_gd32f405_425_1.o(.text)
    EXTI2_IRQHandler                         0x080001b7   Thumb Code     0  startup_gd32f405_425_1.o(.text)
    EXTI3_IRQHandler                         0x080001b7   Thumb Code     0  startup_gd32f405_425_1.o(.text)
    EXTI4_IRQHandler                         0x080001b7   Thumb Code     0  startup_gd32f405_425_1.o(.text)
    EXTI5_9_IRQHandler                       0x080001b7   Thumb Code     0  startup_gd32f405_425_1.o(.text)
    FMC_IRQHandler                           0x080001b7   Thumb Code     0  startup_gd32f405_425_1.o(.text)
    FPU_IRQHandler                           0x080001b7   Thumb Code     0  startup_gd32f405_425_1.o(.text)
    I2C0_ER_IRQHandler                       0x080001b7   Thumb Code     0  startup_gd32f405_425_1.o(.text)
    I2C0_EV_IRQHandler                       0x080001b7   Thumb Code     0  startup_gd32f405_425_1.o(.text)
    I2C1_ER_IRQHandler                       0x080001b7   Thumb Code     0  startup_gd32f405_425_1.o(.text)
    I2C1_EV_IRQHandler                       0x080001b7   Thumb Code     0  startup_gd32f405_425_1.o(.text)
    I2C2_ER_IRQHandler                       0x080001b7   Thumb Code     0  startup_gd32f405_425_1.o(.text)
    I2C2_EV_IRQHandler                       0x080001b7   Thumb Code     0  startup_gd32f405_425_1.o(.text)
    LVD_IRQHandler                           0x080001b7   Thumb Code     0  startup_gd32f405_425_1.o(.text)
    RCU_CTC_IRQHandler                       0x080001b7   Thumb Code     0  startup_gd32f405_425_1.o(.text)
    RTC_Alarm_IRQHandler                     0x080001b7   Thumb Code     0  startup_gd32f405_425_1.o(.text)
    RTC_WKUP_IRQHandler                      0x080001b7   Thumb Code     0  startup_gd32f405_425_1.o(.text)
    SDIO_IRQHandler                          0x080001b7   Thumb Code     0  startup_gd32f405_425_1.o(.text)
    SPI0_IRQHandler                          0x080001b7   Thumb Code     0  startup_gd32f405_425_1.o(.text)
    SPI1_IRQHandler                          0x080001b7   Thumb Code     0  startup_gd32f405_425_1.o(.text)
    SPI2_IRQHandler                          0x080001b7   Thumb Code     0  startup_gd32f405_425_1.o(.text)
    TAMPER_STAMP_IRQHandler                  0x080001b7   Thumb Code     0  startup_gd32f405_425_1.o(.text)
    TIMER0_BRK_TIMER8_IRQHandler             0x080001b7   Thumb Code     0  startup_gd32f405_425_1.o(.text)
    TIMER0_Channel_IRQHandler                0x080001b7   Thumb Code     0  startup_gd32f405_425_1.o(.text)
    TIMER0_TRG_CMT_TIMER10_IRQHandler        0x080001b7   Thumb Code     0  startup_gd32f405_425_1.o(.text)
    TIMER0_UP_TIMER9_IRQHandler              0x080001b7   Thumb Code     0  startup_gd32f405_425_1.o(.text)
    TIMER1_IRQHandler                        0x080001b7   Thumb Code     0  startup_gd32f405_425_1.o(.text)
    TIMER2_IRQHandler                        0x080001b7   Thumb Code     0  startup_gd32f405_425_1.o(.text)
    TIMER3_IRQHandler                        0x080001b7   Thumb Code     0  startup_gd32f405_425_1.o(.text)
    TIMER4_IRQHandler                        0x080001b7   Thumb Code     0  startup_gd32f405_425_1.o(.text)
    TIMER5_DAC_IRQHandler                    0x080001b7   Thumb Code     0  startup_gd32f405_425_1.o(.text)
    TIMER6_IRQHandler                        0x080001b7   Thumb Code     0  startup_gd32f405_425_1.o(.text)
    TIMER7_BRK_TIMER11_IRQHandler            0x080001b7   Thumb Code     0  startup_gd32f405_425_1.o(.text)
    TIMER7_Channel_IRQHandler                0x080001b7   Thumb Code     0  startup_gd32f405_425_1.o(.text)
    TIMER7_TRG_CMT_TIMER13_IRQHandler        0x080001b7   Thumb Code     0  startup_gd32f405_425_1.o(.text)
    TIMER7_UP_TIMER12_IRQHandler             0x080001b7   Thumb Code     0  startup_gd32f405_425_1.o(.text)
    TRNG_IRQHandler                          0x080001b7   Thumb Code     0  startup_gd32f405_425_1.o(.text)
    UART3_IRQHandler                         0x080001b7   Thumb Code     0  startup_gd32f405_425_1.o(.text)
    UART4_IRQHandler                         0x080001b7   Thumb Code     0  startup_gd32f405_425_1.o(.text)
    USART1_IRQHandler                        0x080001b7   Thumb Code     0  startup_gd32f405_425_1.o(.text)
    USART2_IRQHandler                        0x080001b7   Thumb Code     0  startup_gd32f405_425_1.o(.text)
    USBFS_IRQHandler                         0x080001b7   Thumb Code     0  startup_gd32f405_425_1.o(.text)
    USBFS_WKUP_IRQHandler                    0x080001b7   Thumb Code     0  startup_gd32f405_425_1.o(.text)
    USBHS_EP1_In_IRQHandler                  0x080001b7   Thumb Code     0  startup_gd32f405_425_1.o(.text)
    USBHS_EP1_Out_IRQHandler                 0x080001b7   Thumb Code     0  startup_gd32f405_425_1.o(.text)
    USBHS_IRQHandler                         0x080001b7   Thumb Code     0  startup_gd32f405_425_1.o(.text)
    USBHS_WKUP_IRQHandler                    0x080001b7   Thumb Code     0  startup_gd32f405_425_1.o(.text)
    WWDGT_IRQHandler                         0x080001b7   Thumb Code     0  startup_gd32f405_425_1.o(.text)
    mktime                                   0x080001c1   Thumb Code   150  mktime.o(.text)
    __aeabi_memcpy                           0x08000269   Thumb Code    36  memcpya.o(.text)
    __aeabi_memcpy4                          0x08000269   Thumb Code     0  memcpya.o(.text)
    __aeabi_memcpy8                          0x08000269   Thumb Code     0  memcpya.o(.text)
    __aeabi_memset                           0x0800028d   Thumb Code    14  memseta.o(.text)
    __aeabi_memset4                          0x0800028d   Thumb Code     0  memseta.o(.text)
    __aeabi_memset8                          0x0800028d   Thumb Code     0  memseta.o(.text)
    __aeabi_memclr                           0x0800029b   Thumb Code     4  memseta.o(.text)
    __aeabi_memclr4                          0x0800029b   Thumb Code     0  memseta.o(.text)
    __aeabi_memclr8                          0x0800029b   Thumb Code     0  memseta.o(.text)
    _memset$wrapper                          0x0800029f   Thumb Code    18  memseta.o(.text)
    strstr                                   0x080002b1   Thumb Code    36  strstr.o(.text)
    strchr                                   0x080002d5   Thumb Code    20  strchr.o(.text)
    strlen                                   0x080002e9   Thumb Code    14  strlen.o(.text)
    atoi                                     0x080002f7   Thumb Code    26  atoi.o(.text)
    __aeabi_uidiv                            0x08000311   Thumb Code     0  uidiv.o(.text)
    __aeabi_uidivmod                         0x08000311   Thumb Code    44  uidiv.o(.text)
    __aeabi_uldivmod                         0x0800033d   Thumb Code    98  uldiv.o(.text)
    _localtime                               0x080003a1   Thumb Code   134  localtime_i.o(.text)
    strtol                                   0x0800042d   Thumb Code   112  strtol.o(.text)
    __I$use$fp                               0x0800049d   Thumb Code     0  iusefp.o(.text)
    __aeabi_dadd                             0x0800049d   Thumb Code   322  dadd.o(.text)
    __aeabi_dsub                             0x080005df   Thumb Code     6  dadd.o(.text)
    __aeabi_drsub                            0x080005e5   Thumb Code     6  dadd.o(.text)
    __aeabi_dmul                             0x080005eb   Thumb Code   228  dmul.o(.text)
    __aeabi_ddiv                             0x080006cf   Thumb Code   222  ddiv.o(.text)
    __aeabi_d2ulz                            0x080007ad   Thumb Code    48  dfixul.o(.text)
    __aeabi_cdrcmple                         0x080007dd   Thumb Code    48  cdrcmple.o(.text)
    __scatterload                            0x0800080d   Thumb Code    28  init.o(.text)
    __scatterload_rt2                        0x0800080d   Thumb Code     0  init.o(.text)
    __aeabi_llsl                             0x08000831   Thumb Code    30  llshl.o(.text)
    _ll_shift_l                              0x08000831   Thumb Code     0  llshl.o(.text)
    __aeabi_llsr                             0x0800084f   Thumb Code    32  llushr.o(.text)
    _ll_ushift_r                             0x0800084f   Thumb Code     0  llushr.o(.text)
    __aeabi_lasr                             0x0800086f   Thumb Code    36  llsshr.o(.text)
    _ll_sshift_r                             0x0800086f   Thumb Code     0  llsshr.o(.text)
    __rt_ctype_table                         0x08000895   Thumb Code     4  ctype_o.o(.text)
    _strtoul                                 0x0800089d   Thumb Code   158  _strtoul.o(.text)
    _double_round                            0x0800093b   Thumb Code    30  depilogue.o(.text)
    _double_epilogue                         0x08000959   Thumb Code   156  depilogue.o(.text)
    _chval                                   0x080009f5   Thumb Code    28  _chval.o(.text)
    BusFault_Handler                         0x08000a11   Thumb Code     4  gd32f4xx_it.o(.text.BusFault_Handler)
    CAN0_RX0_IRQHandler                      0x08000a15   Thumb Code   166  main.o(.text.CAN0_RX0_IRQHandler)
    CanBusThread                             0x08000abd   Thumb Code   146  main.o(.text.CanBusThread)
    CanProjectMainAPP                        0x08000b51   Thumb Code   222  main.o(.text.CanProjectMainAPP)
    DebugMon_Handler                         0x08000c31   Thumb Code     2  gd32f4xx_it.o(.text.DebugMon_Handler)
    HardFault_Handler                        0x08000c35   Thumb Code    40  main.o(.text.HardFault_Handler)
    Init_CAN                                 0x08000cad   Thumb Code   238  main.o(.text.Init_CAN)
    Init_Debug                               0x08000d9d   Thumb Code   182  main.o(.text.Init_Debug)
    Init_GPIO                                0x08000e55   Thumb Code   176  main.o(.text.Init_GPIO)
    Init_MQTT                                0x08000f05   Thumb Code   182  main.o(.text.Init_MQTT)
    MemManage_Handler                        0x08000fbd   Thumb Code     4  gd32f4xx_it.o(.text.MemManage_Handler)
    NMI_Handler                              0x08000fc1   Thumb Code     2  gd32f4xx_it.o(.text.NMI_Handler)
    PendSV_Handler                           0x08000fd1   Thumb Code   100  port.o(.text.PendSV_Handler)
    SVC_Handler                              0x08001041   Thumb Code    36  port.o(.text.SVC_Handler)
    SysTick_Handler                          0x08001075   Thumb Code    30  cmsis_os2.o(.text.SysTick_Handler)
    SystemCoreClockUpdate                    0x08001095   Thumb Code   282  system_gd32f4xx_1.o(.text.SystemCoreClockUpdate)
    SystemInit                               0x080011b1   Thumb Code   232  system_gd32f4xx_1.o(.text.SystemInit)
    TestDBG                                  0x08001299   Thumb Code    18  main.o(.text.TestDBG)
    TestLED                                  0x080012ad   Thumb Code    90  main.o(.text.TestLED)
    USART0_IRQHandler                        0x08001335   Thumb Code   206  main.o(.text.USART0_IRQHandler)
    USART5_IRQHandler                        0x08001405   Thumb Code    94  gd32f4xx_it.o(.text.USART5_IRQHandler)
    UsageFault_Handler                       0x08001465   Thumb Code     4  gd32f4xx_it.o(.text.UsageFault_Handler)
    a7600_4g_let_connect                     0x080014d5   Thumb Code  1098  main.o(.text.a7600_4g_let_connect)
    a7600_4g_let_init                        0x08001921   Thumb Code   114  main.o(.text.a7600_4g_let_init)
    a7600_4g_let_mqtt_connect                0x08001995   Thumb Code   406  main.o(.text.a7600_4g_let_mqtt_connect)
    a7600_4g_timer                           0x08001b2d   Thumb Code    52  main.o(.text.a7600_4g_timer)
    can_config                               0x08001b61   Thumb Code   200  main.o(.text.can_config)
    can_deinit                               0x08001c29   Thumb Code    62  gd32f4xx_can.o(.text.can_deinit)
    can_filter_init                          0x08001c69   Thumb Code   336  gd32f4xx_can.o(.text.can_filter_init)
    can_init                                 0x08001db9   Thumb Code   442  gd32f4xx_can.o(.text.can_init)
    can_interrupt_enable                     0x08001f75   Thumb Code    20  gd32f4xx_can.o(.text.can_interrupt_enable)
    can_message_receive                      0x08001f89   Thumb Code   340  gd32f4xx_can.o(.text.can_message_receive)
    can_message_transmit                     0x080020dd   Thumb Code   328  gd32f4xx_can.o(.text.can_message_transmit)
    can_struct_para_init                     0x08002225   Thumb Code   290  gd32f4xx_can.o(.text.can_struct_para_init)
    fputc                                    0x08002349   Thumb Code    52  main.o(.text.fputc)
    gpio_af_set                              0x0800237d   Thumb Code   212  gd32f4xx_gpio.o(.text.gpio_af_set)
    gpio_bit_toggle                          0x08002451   Thumb Code    16  gd32f4xx_gpio.o(.text.gpio_bit_toggle)
    gpio_mode_set                            0x08002461   Thumb Code   156  gd32f4xx_gpio.o(.text.gpio_mode_set)
    gpio_output_options_set                  0x080024fd   Thumb Code   146  gd32f4xx_gpio.o(.text.gpio_output_options_set)
    lte_check_cmd                            0x08002591   Thumb Code    70  main.o(.text.lte_check_cmd)
    lte_send_cmd                             0x080025d9   Thumb Code   290  main.o(.text.lte_send_cmd)
    main                                     0x080026fd   Thumb Code    58  main.o(.text.main)
    nvic_config                              0x08002739   Thumb Code    90  main.o(.text.nvic_config)
    nvic_irq_enable                          0x08002795   Thumb Code   298  gd32f4xx_misc.o(.text.nvic_irq_enable)
    nvic_priority_group_set                  0x080028c1   Thumb Code    28  gd32f4xx_misc.o(.text.nvic_priority_group_set)
    osDelay                                  0x080028dd   Thumb Code    48  cmsis_os2.o(.text.osDelay)
    osKernelInitialize                       0x0800290d   Thumb Code    82  cmsis_os2.o(.text.osKernelInitialize)
    osKernelStart                            0x08002961   Thumb Code    92  cmsis_os2.o(.text.osKernelStart)
    osThreadNew                              0x080029bd   Thumb Code   342  cmsis_os2.o(.text.osThreadNew)
    osTimerNew                               0x08002b15   Thumb Code   376  cmsis_os2.o(.text.osTimerNew)
    osTimerStop                              0x08002c8d   Thumb Code   106  cmsis_os2.o(.text.osTimerStop)
    push_mqtt_message                        0x08003abd   Thumb Code   130  main.o(.text.push_mqtt_message)
    push_mqtt_message_task                   0x08003b41   Thumb Code  2296  main.o(.text.push_mqtt_message_task)
    pvPortMalloc                             0x08004439   Thumb Code   390  heap_4.o(.text.pvPortMalloc)
    pvTimerGetTimerID                        0x080045c1   Thumb Code    30  timers.o(.text.pvTimerGetTimerID)
    pxPortInitialiseStack                    0x080045e1   Thumb Code    94  port.o(.text.pxPortInitialiseStack)
    rcu_clock_freq_get                       0x08004641   Thumb Code   354  gd32f4xx_rcu.o(.text.rcu_clock_freq_get)
    rcu_periph_clock_enable                  0x080047a5   Thumb Code    40  gd32f4xx_rcu.o(.text.rcu_periph_clock_enable)
    rcu_periph_reset_disable                 0x080047cd   Thumb Code    40  gd32f4xx_rcu.o(.text.rcu_periph_reset_disable)
    rcu_periph_reset_enable                  0x080047f5   Thumb Code    40  gd32f4xx_rcu.o(.text.rcu_periph_reset_enable)
    usart0_sendData                          0x08004979   Thumb Code   128  main.o(.text.usart0_sendData)
    usart_baudrate_set                       0x080049f9   Thumb Code   344  gd32f4xx_usart.o(.text.usart_baudrate_set)
    usart_data_receive                       0x08004b51   Thumb Code    16  gd32f4xx_usart.o(.text.usart_data_receive)
    usart_data_transmit                      0x08004b61   Thumb Code    20  gd32f4xx_usart.o(.text.usart_data_transmit)
    usart_deinit                             0x08004b75   Thumb Code   286  gd32f4xx_usart.o(.text.usart_deinit)
    usart_enable                             0x08004c95   Thumb Code    18  gd32f4xx_usart.o(.text.usart_enable)
    usart_flag_clear                         0x08004ca9   Thumb Code    36  gd32f4xx_usart.o(.text.usart_flag_clear)
    usart_flag_get                           0x08004ccd   Thumb Code    58  gd32f4xx_usart.o(.text.usart_flag_get)
    usart_interrupt_enable                   0x08004d09   Thumb Code    36  gd32f4xx_usart.o(.text.usart_interrupt_enable)
    usart_interrupt_flag_get                 0x08004d2d   Thumb Code    94  gd32f4xx_usart.o(.text.usart_interrupt_flag_get)
    usart_parity_config                      0x08004d8d   Thumb Code    30  gd32f4xx_usart.o(.text.usart_parity_config)
    usart_receive_config                     0x08004dad   Thumb Code    42  gd32f4xx_usart.o(.text.usart_receive_config)
    usart_receiver_timeout_enable            0x08004dd9   Thumb Code    22  gd32f4xx_usart.o(.text.usart_receiver_timeout_enable)
    usart_receiver_timeout_threshold_config  0x08004df1   Thumb Code    38  gd32f4xx_usart.o(.text.usart_receiver_timeout_threshold_config)
    usart_stop_bit_set                       0x08004e19   Thumb Code    30  gd32f4xx_usart.o(.text.usart_stop_bit_set)
    usart_transmit_config                    0x08004e39   Thumb Code    42  gd32f4xx_usart.o(.text.usart_transmit_config)
    usart_word_length_set                    0x08004e65   Thumb Code    30  gd32f4xx_usart.o(.text.usart_word_length_set)
    uxListRemove                             0x08004e85   Thumb Code    72  list.o(.text.uxListRemove)
    uxTaskGetNumberOfTasks                   0x08004ecd   Thumb Code    12  tasks.o(.text.uxTaskGetNumberOfTasks)
    vApplicationGetIdleTaskMemory            0x08004ed9   Thumb Code    42  cmsis_os2.o(.text.vApplicationGetIdleTaskMemory)
    vApplicationGetTimerTaskMemory           0x08004f05   Thumb Code    42  cmsis_os2.o(.text.vApplicationGetTimerTaskMemory)
    vApplicationStackOverflowHook            0x08004f31   Thumb Code    10  cmsis_os2.o(.text.vApplicationStackOverflowHook)
    vListInitialise                          0x08004f3d   Thumb Code    46  list.o(.text.vListInitialise)
    vListInitialiseItem                      0x08004f6d   Thumb Code    14  list.o(.text.vListInitialiseItem)
    vListInsert                              0x08004f7d   Thumb Code   106  list.o(.text.vListInsert)
    vPortEnterCritical                       0x08004ffd   Thumb Code    48  port.o(.text.vPortEnterCritical)
    vPortExitCritical                        0x0800502d   Thumb Code    38  port.o(.text.vPortExitCritical)
    vPortFree                                0x08005055   Thumb Code   118  heap_4.o(.text.vPortFree)
    vPortSetupTimerInterrupt                 0x080050cd   Thumb Code    68  port.o(.text.vPortSetupTimerInterrupt)
    vQueueWaitForMessageRestricted           0x08005111   Thumb Code   100  queue.o(.text.vQueueWaitForMessageRestricted)
    vTaskDelay                               0x08005175   Thumb Code    74  tasks.o(.text.vTaskDelay)
    vTaskInternalSetTimeOutState             0x080051c1   Thumb Code    36  tasks.o(.text.vTaskInternalSetTimeOutState)
    vTaskMissedYield                         0x080051e5   Thumb Code    14  tasks.o(.text.vTaskMissedYield)
    vTaskPlaceOnEventList                    0x080051f5   Thumb Code    38  tasks.o(.text.vTaskPlaceOnEventList)
    vTaskPlaceOnEventListRestricted          0x0800521d   Thumb Code    96  tasks.o(.text.vTaskPlaceOnEventListRestricted)
    vTaskStartScheduler                      0x0800527d   Thumb Code   196  tasks.o(.text.vTaskStartScheduler)
    vTaskSuspendAll                          0x08005341   Thumb Code    16  tasks.o(.text.vTaskSuspendAll)
    vTaskSwitchContext                       0x08005351   Thumb Code   260  tasks.o(.text.vTaskSwitchContext)
    xPortStartScheduler                      0x08005455   Thumb Code    84  port.o(.text.xPortStartScheduler)
    xPortSysTickHandler                      0x080054a9   Thumb Code    60  port.o(.text.xPortSysTickHandler)
    xQueueGenericCreateStatic                0x080054e5   Thumb Code   108  queue.o(.text.xQueueGenericCreateStatic)
    xQueueGenericReset                       0x08005551   Thumb Code   208  queue.o(.text.xQueueGenericReset)
    xQueueGenericSend                        0x08005621   Thumb Code   362  queue.o(.text.xQueueGenericSend)
    xQueueGenericSendFromISR                 0x0800578d   Thumb Code   210  queue.o(.text.xQueueGenericSendFromISR)
    xQueueReceive                            0x08005861   Thumb Code   338  queue.o(.text.xQueueReceive)
    xTaskCheckForTimeOut                     0x080059b5   Thumb Code   154  tasks.o(.text.xTaskCheckForTimeOut)
    xTaskCreate                              0x08005a51   Thumb Code   166  tasks.o(.text.xTaskCreate)
    xTaskCreateStatic                        0x08005af9   Thumb Code   122  tasks.o(.text.xTaskCreateStatic)
    xTaskGetSchedulerState                   0x08005b75   Thumb Code    56  tasks.o(.text.xTaskGetSchedulerState)
    xTaskGetTickCount                        0x08005bad   Thumb Code    20  tasks.o(.text.xTaskGetTickCount)
    xTaskIncrementTick                       0x08005bc1   Thumb Code   540  tasks.o(.text.xTaskIncrementTick)
    xTaskPriorityDisinherit                  0x08005ddd   Thumb Code   230  tasks.o(.text.xTaskPriorityDisinherit)
    xTaskRemoveFromEventList                 0x08005ec5   Thumb Code   380  tasks.o(.text.xTaskRemoveFromEventList)
    xTaskResumeAll                           0x08006041   Thumb Code   522  tasks.o(.text.xTaskResumeAll)
    xTimerCreate                             0x0800624d   Thumb Code    74  timers.o(.text.xTimerCreate)
    xTimerCreateStatic                       0x08006299   Thumb Code    74  timers.o(.text.xTimerCreateStatic)
    xTimerCreateTimerTask                    0x080062e5   Thumb Code   120  timers.o(.text.xTimerCreateTimerTask)
    xTimerGenericCommand                     0x0800635d   Thumb Code   148  timers.o(.text.xTimerGenericCommand)
    xTimerIsTimerActive                      0x080063f1   Thumb Code    48  timers.o(.text.xTimerIsTimerActive)
    zdw_uart0_send_string                    0x08006421   Thumb Code    76  main.o(.text.zdw_uart0_send_string)
    __0printf                                0x0800646d   Thumb Code    22  printfa.o(i.__0printf)
    __1printf                                0x0800646d   Thumb Code     0  printfa.o(i.__0printf)
    __2printf                                0x0800646d   Thumb Code     0  printfa.o(i.__0printf)
    __c89printf                              0x0800646d   Thumb Code     0  printfa.o(i.__0printf)
    printf                                   0x0800646d   Thumb Code     0  printfa.o(i.__0printf)
    __0sprintf                               0x0800648d   Thumb Code    34  printfa.o(i.__0sprintf)
    __1sprintf                               0x0800648d   Thumb Code     0  printfa.o(i.__0sprintf)
    __2sprintf                               0x0800648d   Thumb Code     0  printfa.o(i.__0sprintf)
    __c89sprintf                             0x0800648d   Thumb Code     0  printfa.o(i.__0sprintf)
    sprintf                                  0x0800648d   Thumb Code     0  printfa.o(i.__0sprintf)
    __0vsprintf                              0x080064b5   Thumb Code    30  printfa.o(i.__0vsprintf)
    __1vsprintf                              0x080064b5   Thumb Code     0  printfa.o(i.__0vsprintf)
    __2vsprintf                              0x080064b5   Thumb Code     0  printfa.o(i.__0vsprintf)
    __c89vsprintf                            0x080064b5   Thumb Code     0  printfa.o(i.__0vsprintf)
    vsprintf                                 0x080064b5   Thumb Code     0  printfa.o(i.__0vsprintf)
    __aeabi_errno_addr                       0x080064d9   Thumb Code     4  errno.o(i.__aeabi_errno_addr)
    __rt_errno_addr                          0x080064d9   Thumb Code     0  errno.o(i.__aeabi_errno_addr)
    __scatterload_copy                       0x080064e1   Thumb Code    14  handlers.o(i.__scatterload_copy)
    __scatterload_null                       0x080064ef   Thumb Code     2  handlers.o(i.__scatterload_null)
    __scatterload_zeroinit                   0x080064f1   Thumb Code    14  handlers.o(i.__scatterload_zeroinit)
    __ctype_table                            0x08006dd4   Data         129  ctype_o.o(.constdata)
    timer_rx_attr                            0x080077fc   Data          16  main.o(.rodata.timer_rx_attr)
    uxTopUsedPriority                        0x0800780c   Data           4  tasks.o(.rodata.uxTopUsedPriority)
    Region$$Table$$Base                      0x08007810   Number         0  anon$$obj.o(Region$$Table)
    Region$$Table$$Limit                     0x08007830   Number         0  anon$$obj.o(Region$$Table)
    __stdout                                 0x20000000   Data           4  stdout.o(.data)
    SystemCoreClock                          0x20000008   Data           4  system_gd32f4xx_1.o(.data.SystemCoreClock)
    USART0_RX_STA                            0x20000014   Data           2  main.o(.bss.USART0_RX_STA)
    can0_error_flag                          0x20000016   Data           1  main.o(.bss.can0_error_flag)
    can0_receive_flag                        0x20000017   Data           1  main.o(.bss.can0_receive_flag)
    canDataBuffer                            0x20000018   Data          54  main.o(.bss.canDataBuffer)
    can_filter_parameter                     0x2000004e   Data          18  main.o(.bss.can_filter_parameter)
    can_init_parameter                       0x20000060   Data          12  main.o(.bss.can_init_parameter)
    pxCurrentTCB                             0x20000110   Data           4  tasks.o(.bss.pxCurrentTCB)
    receive_message                          0x20000588   Data          20  main.o(.bss.receive_message)
    rxbuffer                                 0x2000059c   Data        1024  main.o(.bss.rxbuffer)
    sim_card_number                          0x2000099c   Data          22  main.o(.bss.sim_card_number)
    transmit_message                         0x200009b4   Data          20  main.o(.bss.transmit_message)
    txbuffer                                 0x200009c8   Data        1024  main.o(.bss.txbuffer)
    usart0_timer_id                          0x20002dc8   Data           4  main.o(.bss.usart0_timer_id)
    __initial_sp                             0x200036a0   Data           0  startup_gd32f405_425_1.o(STACK)



==============================================================================

Memory Map of the image

  Image Entry point : 0x0800019d

  Load Region LR_1 (Base: 0x08000000, Size: 0x00007840, Max: 0xffffffff, ABSOLUTE)

    Execution Region ER_RO (Exec base: 0x08000000, Load base: 0x08000000, Size: 0x00007830, Max: 0xffffffff, ABSOLUTE)

    Exec Addr    Load Addr    Size         Type   Attr      Idx    E Section Name        Object

    0x08000000   0x08000000   0x00000188   Data   RO         2228    RESET               startup_gd32f405_425_1.o
    0x08000188   0x08000188   0x00000000   Code   RO         2681  * .ARM.Collect$$$$00000000  mc_w.l(entry.o)
    0x08000188   0x08000188   0x00000004   Code   RO         2729    .ARM.Collect$$$$00000001  mc_w.l(entry2.o)
    0x0800018c   0x0800018c   0x00000004   Code   RO         2732    .ARM.Collect$$$$00000004  mc_w.l(entry5.o)
    0x08000190   0x08000190   0x00000000   Code   RO         2734    .ARM.Collect$$$$00000008  mc_w.l(entry7b.o)
    0x08000190   0x08000190   0x00000000   Code   RO         2736    .ARM.Collect$$$$0000000A  mc_w.l(entry8b.o)
    0x08000190   0x08000190   0x00000008   Code   RO         2737    .ARM.Collect$$$$0000000B  mc_w.l(entry9a.o)
    0x08000198   0x08000198   0x00000000   Code   RO         2739    .ARM.Collect$$$$0000000D  mc_w.l(entry10a.o)
    0x08000198   0x08000198   0x00000000   Code   RO         2741    .ARM.Collect$$$$0000000F  mc_w.l(entry11a.o)
    0x08000198   0x08000198   0x00000004   Code   RO         2730    .ARM.Collect$$$$00002712  mc_w.l(entry2.o)
    0x0800019c   0x0800019c   0x00000024   Code   RO         2229  * .text               startup_gd32f405_425_1.o
    0x080001c0   0x080001c0   0x000000a8   Code   RO         2684    .text               mc_w.l(mktime.o)
    0x08000268   0x08000268   0x00000024   Code   RO         2687    .text               mc_w.l(memcpya.o)
    0x0800028c   0x0800028c   0x00000024   Code   RO         2689    .text               mc_w.l(memseta.o)
    0x080002b0   0x080002b0   0x00000024   Code   RO         2691    .text               mc_w.l(strstr.o)
    0x080002d4   0x080002d4   0x00000014   Code   RO         2693    .text               mc_w.l(strchr.o)
    0x080002e8   0x080002e8   0x0000000e   Code   RO         2695    .text               mc_w.l(strlen.o)
    0x080002f6   0x080002f6   0x0000001a   Code   RO         2727    .text               mc_w.l(atoi.o)
    0x08000310   0x08000310   0x0000002c   Code   RO         2753    .text               mc_w.l(uidiv.o)
    0x0800033c   0x0800033c   0x00000062   Code   RO         2755    .text               mc_w.l(uldiv.o)
    0x0800039e   0x0800039e   0x00000002   PAD
    0x080003a0   0x080003a0   0x0000008c   Code   RO         2760    .text               mc_w.l(localtime_i.o)
    0x0800042c   0x0800042c   0x00000070   Code   RO         2770    .text               mc_w.l(strtol.o)
    0x0800049c   0x0800049c   0x00000000   Code   RO         2772    .text               mc_w.l(iusefp.o)
    0x0800049c   0x0800049c   0x0000014e   Code   RO         2773    .text               mf_w.l(dadd.o)
    0x080005ea   0x080005ea   0x000000e4   Code   RO         2775    .text               mf_w.l(dmul.o)
    0x080006ce   0x080006ce   0x000000de   Code   RO         2777    .text               mf_w.l(ddiv.o)
    0x080007ac   0x080007ac   0x00000030   Code   RO         2779    .text               mf_w.l(dfixul.o)
    0x080007dc   0x080007dc   0x00000030   Code   RO         2781    .text               mf_w.l(cdrcmple.o)
    0x0800080c   0x0800080c   0x00000024   Code   RO         2783    .text               mc_w.l(init.o)
    0x08000830   0x08000830   0x0000001e   Code   RO         2785    .text               mc_w.l(llshl.o)
    0x0800084e   0x0800084e   0x00000020   Code   RO         2787    .text               mc_w.l(llushr.o)
    0x0800086e   0x0800086e   0x00000024   Code   RO         2789    .text               mc_w.l(llsshr.o)
    0x08000892   0x08000892   0x00000002   PAD
    0x08000894   0x08000894   0x00000008   Code   RO         2791    .text               mc_w.l(ctype_o.o)
    0x0800089c   0x0800089c   0x0000009e   Code   RO         2819    .text               mc_w.l(_strtoul.o)
    0x0800093a   0x0800093a   0x000000ba   Code   RO         2821    .text               mf_w.l(depilogue.o)
    0x080009f4   0x080009f4   0x0000001c   Code   RO         2823    .text               mc_w.l(_chval.o)
    0x08000a10   0x08000a10   0x00000004   Code   RO           99    .text.BusFault_Handler  gd32f4xx_it.o
    0x08000a14   0x08000a14   0x000000a6   Code   RO           10    .text.CAN0_RX0_IRQHandler  main.o
    0x08000aba   0x08000aba   0x00000002   PAD
    0x08000abc   0x08000abc   0x00000092   Code   RO           40    .text.CanBusThread  main.o
    0x08000b4e   0x08000b4e   0x00000002   PAD
    0x08000b50   0x08000b50   0x000000de   Code   RO           54    .text.CanProjectMainAPP  main.o
    0x08000c2e   0x08000c2e   0x00000002   PAD
    0x08000c30   0x08000c30   0x00000002   Code   RO          103    .text.DebugMon_Handler  gd32f4xx_it.o
    0x08000c32   0x08000c32   0x00000002   PAD
    0x08000c34   0x08000c34   0x00000028   Code   RO           42    .text.HardFault_Handler  main.o
    0x08000c5c   0x08000c5c   0x00000050   Code   RO          119    .text.IRQ_Context   cmsis_os2.o
    0x08000cac   0x08000cac   0x000000ee   Code   RO           12    .text.Init_CAN      main.o
    0x08000d9a   0x08000d9a   0x00000002   PAD
    0x08000d9c   0x08000d9c   0x000000b6   Code   RO            4    .text.Init_Debug    main.o
    0x08000e52   0x08000e52   0x00000002   PAD
    0x08000e54   0x08000e54   0x000000b0   Code   RO            2    .text.Init_GPIO     main.o
    0x08000f04   0x08000f04   0x000000b6   Code   RO            6    .text.Init_MQTT     main.o
    0x08000fba   0x08000fba   0x00000002   PAD
    0x08000fbc   0x08000fbc   0x00000004   Code   RO           97    .text.MemManage_Handler  gd32f4xx_it.o
    0x08000fc0   0x08000fc0   0x00000002   Code   RO           95    .text.NMI_Handler   gd32f4xx_it.o
    0x08000fc2   0x08000fc2   0x0000000e   PAD
    0x08000fd0   0x08000fd0   0x00000064   Code   RO         2328    .text.PendSV_Handler  port.o
    0x08001034   0x08001034   0x0000000c   PAD
    0x08001040   0x08001040   0x00000024   Code   RO         2312    .text.SVC_Handler   port.o
    0x08001064   0x08001064   0x0000000e   Code   RO          127    .text.SVC_Setup     cmsis_os2.o
    0x08001072   0x08001072   0x00000002   PAD
    0x08001074   0x08001074   0x0000001e   Code   RO          115    .text.SysTick_Handler  cmsis_os2.o
    0x08001092   0x08001092   0x00000002   PAD
    0x08001094   0x08001094   0x0000011a   Code   RO         2240    .text.SystemCoreClockUpdate  system_gd32f4xx_1.o
    0x080011ae   0x080011ae   0x00000002   PAD
    0x080011b0   0x080011b0   0x000000e8   Code   RO         2236    .text.SystemInit    system_gd32f4xx_1.o
    0x08001298   0x08001298   0x00000012   Code   RO           38    .text.TestDBG       main.o
    0x080012aa   0x080012aa   0x00000002   PAD
    0x080012ac   0x080012ac   0x0000005a   Code   RO           36    .text.TestLED       main.o
    0x08001306   0x08001306   0x00000002   PAD
    0x08001308   0x08001308   0x0000002a   Code   RO          185    .text.TimerCallback  cmsis_os2.o
    0x08001332   0x08001332   0x00000002   PAD
    0x08001334   0x08001334   0x000000ce   Code   RO           48    .text.USART0_IRQHandler  main.o
    0x08001402   0x08001402   0x00000002   PAD
    0x08001404   0x08001404   0x0000005e   Code   RO          105    .text.USART5_IRQHandler  gd32f4xx_it.o
    0x08001462   0x08001462   0x00000002   PAD
    0x08001464   0x08001464   0x00000004   Code   RO          101    .text.UsageFault_Handler  gd32f4xx_it.o
    0x08001468   0x08001468   0x00000042   Code   RO          277    .text.__NVIC_SetPriority  cmsis_os2.o
    0x080014aa   0x080014aa   0x00000002   PAD
    0x080014ac   0x080014ac   0x00000026   Code   RO           44    .text.__NVIC_SystemReset  main.o
    0x080014d2   0x080014d2   0x00000002   PAD
    0x080014d4   0x080014d4   0x0000044a   Code   RO           30    .text.a7600_4g_let_connect  main.o
    0x0800191e   0x0800191e   0x00000002   PAD
    0x08001920   0x08001920   0x00000072   Code   RO           28    .text.a7600_4g_let_init  main.o
    0x08001992   0x08001992   0x00000002   PAD
    0x08001994   0x08001994   0x00000196   Code   RO           32    .text.a7600_4g_let_mqtt_connect  main.o
    0x08001b2a   0x08001b2a   0x00000002   PAD
    0x08001b2c   0x08001b2c   0x00000034   Code   RO           50    .text.a7600_4g_timer  main.o
    0x08001b60   0x08001b60   0x000000c8   Code   RO            8    .text.can_config    main.o
    0x08001c28   0x08001c28   0x0000003e   Code   RO          419    .text.can_deinit    gd32f4xx_can.o
    0x08001c66   0x08001c66   0x00000002   PAD
    0x08001c68   0x08001c68   0x00000150   Code   RO          425    .text.can_filter_init  gd32f4xx_can.o
    0x08001db8   0x08001db8   0x000001ba   Code   RO          423    .text.can_init      gd32f4xx_can.o
    0x08001f72   0x08001f72   0x00000002   PAD
    0x08001f74   0x08001f74   0x00000014   Code   RO          463    .text.can_interrupt_enable  gd32f4xx_can.o
    0x08001f88   0x08001f88   0x00000154   Code   RO          443    .text.can_message_receive  gd32f4xx_can.o
    0x080020dc   0x080020dc   0x00000148   Code   RO          437    .text.can_message_transmit  gd32f4xx_can.o
    0x08002224   0x08002224   0x00000122   Code   RO          421    .text.can_struct_para_init  gd32f4xx_can.o
    0x08002346   0x08002346   0x00000002   PAD
    0x08002348   0x08002348   0x00000034   Code   RO           34    .text.fputc         main.o
    0x0800237c   0x0800237c   0x000000d4   Code   RO         1204    .text.gpio_af_set   gd32f4xx_gpio.o
    0x08002450   0x08002450   0x00000010   Code   RO         1208    .text.gpio_bit_toggle  gd32f4xx_gpio.o
    0x08002460   0x08002460   0x0000009c   Code   RO         1184    .text.gpio_mode_set  gd32f4xx_gpio.o
    0x080024fc   0x080024fc   0x00000092   Code   RO         1186    .text.gpio_output_options_set  gd32f4xx_gpio.o
    0x0800258e   0x0800258e   0x00000002   PAD
    0x08002590   0x08002590   0x00000046   Code   RO           26    .text.lte_check_cmd  main.o
    0x080025d6   0x080025d6   0x00000002   PAD
    0x080025d8   0x080025d8   0x00000122   Code   RO           24    .text.lte_send_cmd  main.o
    0x080026fa   0x080026fa   0x00000002   PAD
    0x080026fc   0x080026fc   0x0000003a   Code   RO           56    .text.main          main.o
    0x08002736   0x08002736   0x00000002   PAD
    0x08002738   0x08002738   0x0000005a   Code   RO           14    .text.nvic_config   main.o
    0x08002792   0x08002792   0x00000002   PAD
    0x08002794   0x08002794   0x0000012a   Code   RO         1384    .text.nvic_irq_enable  gd32f4xx_misc.o
    0x080028be   0x080028be   0x00000002   PAD
    0x080028c0   0x080028c0   0x0000001c   Code   RO         1382    .text.nvic_priority_group_set  gd32f4xx_misc.o
    0x080028dc   0x080028dc   0x00000030   Code   RO          179    .text.osDelay       cmsis_os2.o
    0x0800290c   0x0800290c   0x00000052   Code   RO          117    .text.osKernelInitialize  cmsis_os2.o
    0x0800295e   0x0800295e   0x00000002   PAD
    0x08002960   0x08002960   0x0000005c   Code   RO          125    .text.osKernelStart  cmsis_os2.o
    0x080029bc   0x080029bc   0x00000156   Code   RO          143    .text.osThreadNew   cmsis_os2.o
    0x08002b12   0x08002b12   0x00000002   PAD
    0x08002b14   0x08002b14   0x00000178   Code   RO          183    .text.osTimerNew    cmsis_os2.o
    0x08002c8c   0x08002c8c   0x0000006a   Code   RO          191    .text.osTimerStop   cmsis_os2.o
    0x08002cf6   0x08002cf6   0x00000002   PAD
    0x08002cf8   0x08002cf8   0x000000fa   Code   RO         2471    .text.prvAddCurrentTaskToDelayedList  tasks.o
    0x08002df2   0x08002df2   0x00000002   PAD
    0x08002df4   0x08002df4   0x00000160   Code   RO         2457    .text.prvAddNewTaskToReadyList  tasks.o
    0x08002f54   0x08002f54   0x0000007e   Code   RO         2609    .text.prvCheckForValidListAndQueue  timers.o
    0x08002fd2   0x08002fd2   0x00000002   PAD
    0x08002fd4   0x08002fd4   0x0000005a   Code   RO         2575    .text.prvCheckTasksWaitingTermination  tasks.o
    0x0800302e   0x0800302e   0x00000002   PAD
    0x08003030   0x08003030   0x00000042   Code   RO         2414    .text.prvCopyDataFromQueue  queue.o
    0x08003072   0x08003072   0x00000002   PAD
    0x08003074   0x08003074   0x000000cc   Code   RO         2402    .text.prvCopyDataToQueue  queue.o
    0x08003140   0x08003140   0x0000003c   Code   RO         2465    .text.prvDeleteTCB  tasks.o
    0x0800317c   0x0800317c   0x00000040   Code   RO         2649    .text.prvGetNextExpireTime  timers.o
    0x080031bc   0x080031bc   0x000000ae   Code   RO         2342    .text.prvHeapInit   heap_4.o
    0x0800326a   0x0800326a   0x00000002   PAD
    0x0800326c   0x0800326c   0x00000038   Code   RO         2497    .text.prvIdleTask   tasks.o
    0x080032a4   0x080032a4   0x00000048   Code   RO         2376    .text.prvInitialiseNewQueue  queue.o
    0x080032ec   0x080032ec   0x000000e6   Code   RO         2455    .text.prvInitialiseNewTask  tasks.o
    0x080033d2   0x080033d2   0x00000002   PAD
    0x080033d4   0x080033d4   0x00000052   Code   RO         2615    .text.prvInitialiseNewTimer  timers.o
    0x08003426   0x08003426   0x00000002   PAD
    0x08003428   0x08003428   0x0000008e   Code   RO         2573    .text.prvInitialiseTaskLists  tasks.o
    0x080034b6   0x080034b6   0x00000002   PAD
    0x080034b8   0x080034b8   0x000000c6   Code   RO         2344    .text.prvInsertBlockIntoFreeList  heap_4.o
    0x0800357e   0x0800357e   0x00000002   PAD
    0x08003580   0x08003580   0x00000086   Code   RO         2663    .text.prvInsertTimerInActiveList  timers.o
    0x08003606   0x08003606   0x00000002   PAD
    0x08003608   0x08003608   0x00000028   Code   RO         2416    .text.prvIsQueueEmpty  queue.o
    0x08003630   0x08003630   0x0000002e   Code   RO         2404    .text.prvIsQueueFull  queue.o
    0x0800365e   0x0800365e   0x00000002   PAD
    0x08003660   0x08003660   0x00000028   Code   RO         2320    .text.prvPortStartFirstTask  port.o
    0x08003688   0x08003688   0x00000054   Code   RO         2657    .text.prvProcessExpiredTimer  timers.o
    0x080036dc   0x080036dc   0x00000144   Code   RO         2653    .text.prvProcessReceivedCommands  timers.o
    0x08003820   0x08003820   0x0000009a   Code   RO         2651    .text.prvProcessTimerOrBlockTask  timers.o
    0x080038ba   0x080038ba   0x00000002   PAD
    0x080038bc   0x080038bc   0x00000034   Code   RO         2661    .text.prvReloadTimer  timers.o
    0x080038f0   0x080038f0   0x0000003c   Code   RO         2463    .text.prvResetNextTaskUnblockTime  tasks.o
    0x0800392c   0x0800392c   0x00000044   Code   RO         2655    .text.prvSampleTimeNow  timers.o
    0x08003970   0x08003970   0x00000052   Code   RO         2659    .text.prvSwitchTimerLists  timers.o
    0x080039c2   0x080039c2   0x00000002   PAD
    0x080039c4   0x080039c4   0x00000026   Code   RO         2310    .text.prvTaskExitError  port.o
    0x080039ea   0x080039ea   0x00000002   PAD
    0x080039ec   0x080039ec   0x0000001e   Code   RO         2611    .text.prvTimerTask  timers.o
    0x08003a0a   0x08003a0a   0x00000002   PAD
    0x08003a0c   0x08003a0c   0x000000ae   Code   RO         2406    .text.prvUnlockQueue  queue.o
    0x08003aba   0x08003aba   0x00000002   PAD
    0x08003abc   0x08003abc   0x00000082   Code   RO           16    .text.push_mqtt_message  main.o
    0x08003b3e   0x08003b3e   0x00000002   PAD
    0x08003b40   0x08003b40   0x000008f8   Code   RO           22    .text.push_mqtt_message_task  main.o
    0x08004438   0x08004438   0x00000186   Code   RO         2340    .text.pvPortMalloc  heap_4.o
    0x080045be   0x080045be   0x00000002   PAD
    0x080045c0   0x080045c0   0x0000001e   Code   RO         2637    .text.pvTimerGetTimerID  timers.o
    0x080045de   0x080045de   0x00000002   PAD
    0x080045e0   0x080045e0   0x0000005e   Code   RO         2308    .text.pxPortInitialiseStack  port.o
    0x0800463e   0x0800463e   0x00000002   PAD
    0x08004640   0x08004640   0x00000162   Code   RO         1545    .text.rcu_clock_freq_get  gd32f4xx_rcu.o
    0x080047a2   0x080047a2   0x00000002   PAD
    0x080047a4   0x080047a4   0x00000028   Code   RO         1457    .text.rcu_periph_clock_enable  gd32f4xx_rcu.o
    0x080047cc   0x080047cc   0x00000028   Code   RO         1467    .text.rcu_periph_reset_disable  gd32f4xx_rcu.o
    0x080047f4   0x080047f4   0x00000028   Code   RO         1465    .text.rcu_periph_reset_enable  gd32f4xx_rcu.o
    0x0800481c   0x0800481c   0x00000154   Code   RO         2242    .text.system_clock_168m_8m_hxtal  system_gd32f4xx_1.o
    0x08004970   0x08004970   0x00000008   Code   RO         2238    .text.system_clock_config  system_gd32f4xx_1.o
    0x08004978   0x08004978   0x00000080   Code   RO           18    .text.usart0_sendData  main.o
    0x080049f8   0x080049f8   0x00000158   Code   RO         2091    .text.usart_baudrate_set  gd32f4xx_usart.o
    0x08004b50   0x08004b50   0x00000010   Code   RO         2123    .text.usart_data_receive  gd32f4xx_usart.o
    0x08004b60   0x08004b60   0x00000014   Code   RO         2121    .text.usart_data_transmit  gd32f4xx_usart.o
    0x08004b74   0x08004b74   0x0000011e   Code   RO         2089    .text.usart_deinit  gd32f4xx_usart.o
    0x08004c92   0x08004c92   0x00000002   PAD
    0x08004c94   0x08004c94   0x00000012   Code   RO         2099    .text.usart_enable  gd32f4xx_usart.o
    0x08004ca6   0x08004ca6   0x00000002   PAD
    0x08004ca8   0x08004ca8   0x00000024   Code   RO         2189    .text.usart_flag_clear  gd32f4xx_usart.o
    0x08004ccc   0x08004ccc   0x0000003a   Code   RO         2187    .text.usart_flag_get  gd32f4xx_usart.o
    0x08004d06   0x08004d06   0x00000002   PAD
    0x08004d08   0x08004d08   0x00000024   Code   RO         2191    .text.usart_interrupt_enable  gd32f4xx_usart.o
    0x08004d2c   0x08004d2c   0x0000005e   Code   RO         2195    .text.usart_interrupt_flag_get  gd32f4xx_usart.o
    0x08004d8a   0x08004d8a   0x00000002   PAD
    0x08004d8c   0x08004d8c   0x0000001e   Code   RO         2093    .text.usart_parity_config  gd32f4xx_usart.o
    0x08004daa   0x08004daa   0x00000002   PAD
    0x08004dac   0x08004dac   0x0000002a   Code   RO         2105    .text.usart_receive_config  gd32f4xx_usart.o
    0x08004dd6   0x08004dd6   0x00000002   PAD
    0x08004dd8   0x08004dd8   0x00000016   Code   RO         2115    .text.usart_receiver_timeout_enable  gd32f4xx_usart.o
    0x08004dee   0x08004dee   0x00000002   PAD
    0x08004df0   0x08004df0   0x00000026   Code   RO         2119    .text.usart_receiver_timeout_threshold_config  gd32f4xx_usart.o
    0x08004e16   0x08004e16   0x00000002   PAD
    0x08004e18   0x08004e18   0x0000001e   Code   RO         2097    .text.usart_stop_bit_set  gd32f4xx_usart.o
    0x08004e36   0x08004e36   0x00000002   PAD
    0x08004e38   0x08004e38   0x0000002a   Code   RO         2103    .text.usart_transmit_config  gd32f4xx_usart.o
    0x08004e62   0x08004e62   0x00000002   PAD
    0x08004e64   0x08004e64   0x0000001e   Code   RO         2095    .text.usart_word_length_set  gd32f4xx_usart.o
    0x08004e82   0x08004e82   0x00000002   PAD
    0x08004e84   0x08004e84   0x00000048   Code   RO         2299    .text.uxListRemove  list.o
    0x08004ecc   0x08004ecc   0x0000000c   Code   RO         2507    .text.uxTaskGetNumberOfTasks  tasks.o
    0x08004ed8   0x08004ed8   0x0000002a   Code   RO          273    .text.vApplicationGetIdleTaskMemory  cmsis_os2.o
    0x08004f02   0x08004f02   0x00000002   PAD
    0x08004f04   0x08004f04   0x0000002a   Code   RO          275    .text.vApplicationGetTimerTaskMemory  cmsis_os2.o
    0x08004f2e   0x08004f2e   0x00000002   PAD
    0x08004f30   0x08004f30   0x0000000a   Code   RO          271    .text.vApplicationStackOverflowHook  cmsis_os2.o
    0x08004f3a   0x08004f3a   0x00000002   PAD
    0x08004f3c   0x08004f3c   0x0000002e   Code   RO         2291    .text.vListInitialise  list.o
    0x08004f6a   0x08004f6a   0x00000002   PAD
    0x08004f6c   0x08004f6c   0x0000000e   Code   RO         2293    .text.vListInitialiseItem  list.o
    0x08004f7a   0x08004f7a   0x00000002   PAD
    0x08004f7c   0x08004f7c   0x0000006a   Code   RO         2297    .text.vListInsert   list.o
    0x08004fe6   0x08004fe6   0x00000002   PAD
    0x08004fe8   0x08004fe8   0x00000014   Code   RO         2318    .text.vPortEnableVFP  port.o
    0x08004ffc   0x08004ffc   0x00000030   Code   RO         2324    .text.vPortEnterCritical  port.o
    0x0800502c   0x0800502c   0x00000026   Code   RO         2326    .text.vPortExitCritical  port.o
    0x08005052   0x08005052   0x00000002   PAD
    0x08005054   0x08005054   0x00000076   Code   RO         2346    .text.vPortFree     heap_4.o
    0x080050ca   0x080050ca   0x00000002   PAD
    0x080050cc   0x080050cc   0x00000044   Code   RO         2316    .text.vPortSetupTimerInterrupt  port.o
    0x08005110   0x08005110   0x00000064   Code   RO         2444    .text.vQueueWaitForMessageRestricted  queue.o
    0x08005174   0x08005174   0x0000004a   Code   RO         2475    .text.vTaskDelay    tasks.o
    0x080051be   0x080051be   0x00000002   PAD
    0x080051c0   0x080051c0   0x00000024   Code   RO         2529    .text.vTaskInternalSetTimeOutState  tasks.o
    0x080051e4   0x080051e4   0x0000000e   Code   RO         2533    .text.vTaskMissedYield  tasks.o
    0x080051f2   0x080051f2   0x00000002   PAD
    0x080051f4   0x080051f4   0x00000026   Code   RO         2517    .text.vTaskPlaceOnEventList  tasks.o
    0x0800521a   0x0800521a   0x00000002   PAD
    0x0800521c   0x0800521c   0x00000060   Code   RO         2521    .text.vTaskPlaceOnEventListRestricted  tasks.o
    0x0800527c   0x0800527c   0x000000c4   Code   RO         2495    .text.vTaskStartScheduler  tasks.o
    0x08005340   0x08005340   0x00000010   Code   RO         2469    .text.vTaskSuspendAll  tasks.o
    0x08005350   0x08005350   0x00000104   Code   RO         2487    .text.vTaskSwitchContext  tasks.o
    0x08005454   0x08005454   0x00000054   Code   RO         2314    .text.xPortStartScheduler  port.o
    0x080054a8   0x080054a8   0x0000003c   Code   RO         2330    .text.xPortSysTickHandler  port.o
    0x080054e4   0x080054e4   0x0000006c   Code   RO         2374    .text.xQueueGenericCreateStatic  queue.o
    0x08005550   0x08005550   0x000000d0   Code   RO         2372    .text.xQueueGenericReset  queue.o
    0x08005620   0x08005620   0x0000016a   Code   RO         2392    .text.xQueueGenericSend  queue.o
    0x0800578a   0x0800578a   0x00000002   PAD
    0x0800578c   0x0800578c   0x000000d2   Code   RO         2408    .text.xQueueGenericSendFromISR  queue.o
    0x0800585e   0x0800585e   0x00000002   PAD
    0x08005860   0x08005860   0x00000152   Code   RO         2412    .text.xQueueReceive  queue.o
    0x080059b2   0x080059b2   0x00000002   PAD
    0x080059b4   0x080059b4   0x0000009a   Code   RO         2531    .text.xTaskCheckForTimeOut  tasks.o
    0x08005a4e   0x08005a4e   0x00000002   PAD
    0x08005a50   0x08005a50   0x000000a6   Code   RO         2459    .text.xTaskCreate   tasks.o
    0x08005af6   0x08005af6   0x00000002   PAD
    0x08005af8   0x08005af8   0x0000007a   Code   RO         2453    .text.xTaskCreateStatic  tasks.o
    0x08005b72   0x08005b72   0x00000002   PAD
    0x08005b74   0x08005b74   0x00000038   Code   RO         2547    .text.xTaskGetSchedulerState  tasks.o
    0x08005bac   0x08005bac   0x00000014   Code   RO         2503    .text.xTaskGetTickCount  tasks.o
    0x08005bc0   0x08005bc0   0x0000021c   Code   RO         2501    .text.xTaskIncrementTick  tasks.o
    0x08005ddc   0x08005ddc   0x000000e6   Code   RO         2551    .text.xTaskPriorityDisinherit  tasks.o
    0x08005ec2   0x08005ec2   0x00000002   PAD
    0x08005ec4   0x08005ec4   0x0000017c   Code   RO         2523    .text.xTaskRemoveFromEventList  tasks.o
    0x08006040   0x08006040   0x0000020a   Code   RO         2473    .text.xTaskResumeAll  tasks.o
    0x0800624a   0x0800624a   0x00000002   PAD
    0x0800624c   0x0800624c   0x0000004a   Code   RO         2613    .text.xTimerCreate  timers.o
    0x08006296   0x08006296   0x00000002   PAD
    0x08006298   0x08006298   0x0000004a   Code   RO         2617    .text.xTimerCreateStatic  timers.o
    0x080062e2   0x080062e2   0x00000002   PAD
    0x080062e4   0x080062e4   0x00000078   Code   RO         2607    .text.xTimerCreateTimerTask  timers.o
    0x0800635c   0x0800635c   0x00000094   Code   RO         2619    .text.xTimerGenericCommand  timers.o
    0x080063f0   0x080063f0   0x00000030   Code   RO         2635    .text.xTimerIsTimerActive  timers.o
    0x08006420   0x08006420   0x0000004c   Code   RO           20    .text.zdw_uart0_send_string  main.o
    0x0800646c   0x0800646c   0x00000020   Code   RO         2700    i.__0printf         mc_w.l(printfa.o)
    0x0800648c   0x0800648c   0x00000028   Code   RO         2702    i.__0sprintf        mc_w.l(printfa.o)
    0x080064b4   0x080064b4   0x00000024   Code   RO         2706    i.__0vsprintf       mc_w.l(printfa.o)
    0x080064d8   0x080064d8   0x00000008   Code   RO         2763    i.__aeabi_errno_addr  mc_w.l(errno.o)
    0x080064e0   0x080064e0   0x0000000e   Code   RO         2827    i.__scatterload_copy  mc_w.l(handlers.o)
    0x080064ee   0x080064ee   0x00000002   Code   RO         2828    i.__scatterload_null  mc_w.l(handlers.o)
    0x080064f0   0x080064f0   0x0000000e   Code   RO         2829    i.__scatterload_zeroinit  mc_w.l(handlers.o)
    0x080064fe   0x080064fe   0x00000002   PAD
    0x08006500   0x08006500   0x00000184   Code   RO         2707    i._fp_digits        mc_w.l(printfa.o)
    0x08006684   0x08006684   0x000006dc   Code   RO         2708    i._printf_core      mc_w.l(printfa.o)
    0x08006d60   0x08006d60   0x00000024   Code   RO         2709    i._printf_post_padding  mc_w.l(printfa.o)
    0x08006d84   0x08006d84   0x0000002e   Code   RO         2710    i._printf_pre_padding  mc_w.l(printfa.o)
    0x08006db2   0x08006db2   0x0000000a   Code   RO         2712    i._sputc            mc_w.l(printfa.o)
    0x08006dbc   0x08006dbc   0x0000000c   Data   RO         2685    .constdata          mc_w.l(mktime.o)
    0x08006dc8   0x08006dc8   0x0000000c   Data   RO         2761    .constdata          mc_w.l(localtime_i.o)
    0x08006dd4   0x08006dd4   0x00000081   Data   RO         2792    .constdata          mc_w.l(ctype_o.o)
    0x08006e55   0x08006e55   0x00000003   PAD
    0x08006e58   0x08006e58   0x00000004   Data   RO         2793    .constdata          mc_w.l(ctype_o.o)
    0x08006e5c   0x08006e5c   0x00000990   Data   RO           73    .rodata.str1.1      main.o
    0x080077ec   0x080077ec   0x00000005   Data   RO         2593    .rodata.str1.1      tasks.o
    0x080077f1   0x080077f1   0x00000008   Data   RO         2666    .rodata.str1.1      timers.o
    0x080077f9   0x080077f9   0x00000003   PAD
    0x080077fc   0x080077fc   0x00000010   Data   RO           84    .rodata.timer_rx_attr  main.o
    0x0800780c   0x0800780c   0x00000004   Data   RO         2578    .rodata.uxTopUsedPriority  tasks.o
    0x08007810   0x08007810   0x00000020   Data   RO         2826    Region$$Table       anon$$obj.o


    Execution Region ER_RW (Exec base: 0x20000000, Load base: 0x08007830, Size: 0x00000010, Max: 0xffffffff, ABSOLUTE)

    Exec Addr    Load Addr    Size         Type   Attr      Idx    E Section Name        Object

    0x20000000   0x08007830   0x00000004   Data   RW         2743    .data               mc_w.l(stdout.o)
    0x20000004   0x08007834   0x00000004   Data   RW         2766    .data               mc_w.l(errno.o)
    0x20000008   0x08007838   0x00000004   Data   RW         2244    .data.SystemCoreClock  system_gd32f4xx_1.o
    0x2000000c   0x0800783c   0x00000004   Data   RW         2332    .data.uxCriticalNesting  port.o


    Execution Region ER_ZI (Exec base: 0x20000010, Load base: 0x08007840, Size: 0x00003690, Max: 0xffffffff, ABSOLUTE)

    Exec Addr    Load Addr    Size         Type   Attr      Idx    E Section Name        Object

    0x20000010        -       0x00000004   Zero   RW          279    .bss.KernelState    cmsis_os2.o
    0x20000014        -       0x00000002   Zero   RW           63    .bss.USART0_RX_STA  main.o
    0x20000016        -       0x00000001   Zero   RW           69    .bss.can0_error_flag  main.o
    0x20000017        -       0x00000001   Zero   RW           68    .bss.can0_receive_flag  main.o
    0x20000018        -       0x00000036   Zero   RW           66    .bss.canDataBuffer  main.o
    0x2000004e        -       0x00000012   Zero   RW           72    .bss.can_filter_parameter  main.o
    0x20000060        -       0x0000000c   Zero   RW           71    .bss.can_init_parameter  main.o
    0x2000006c        -       0x00000050   Zero   RW         2674    .bss.prvCheckForValidListAndQueue.ucStaticTimerQueueStorage  timers.o
    0x200000bc        -       0x00000050   Zero   RW         2673    .bss.prvCheckForValidListAndQueue.xStaticTimerQueue  timers.o
    0x2000010c        -       0x00000004   Zero   RW         2670    .bss.prvSampleTimeNow.xLastTime  timers.o
    0x20000110        -       0x00000004   Zero   RW         2577    .bss.pxCurrentTCB   tasks.o
    0x20000114        -       0x00000004   Zero   RW         2668    .bss.pxCurrentTimerList  timers.o
    0x20000118        -       0x00000004   Zero   RW         2585    .bss.pxDelayedTaskList  tasks.o
    0x2000011c        -       0x00000004   Zero   RW         2358    .bss.pxEnd          heap_4.o
    0x20000120        -       0x00000004   Zero   RW         2586    .bss.pxOverflowDelayedTaskList  tasks.o
    0x20000124        -       0x00000004   Zero   RW         2669    .bss.pxOverflowTimerList  timers.o
    0x20000128        -       0x00000460   Zero   RW         2588    .bss.pxReadyTasksLists  tasks.o
    0x20000588        -       0x00000014   Zero   RW           67    .bss.receive_message  main.o
    0x2000059c        -       0x00000400   Zero   RW           81    .bss.rxbuffer       main.o
    0x2000099c        -       0x00000016   Zero   RW           58    .bss.sim_card_number  main.o
    0x200009b2   0x08007840   0x00000002   PAD
    0x200009b4        -       0x00000014   Zero   RW           70    .bss.transmit_message  main.o
    0x200009c8        -       0x00000400   Zero   RW           82    .bss.txbuffer       main.o
    0x20000dc8        -       0x00002000   Zero   RW         2364    .bss.ucHeap         heap_4.o
    0x20002dc8        -       0x00000004   Zero   RW           83    .bss.usart0_timer_id  main.o
    0x20002dcc        -       0x00000004   Zero   RW         2582    .bss.uxCurrentNumberOfTasks  tasks.o
    0x20002dd0        -       0x00000004   Zero   RW         2581    .bss.uxDeletedTasksWaitingCleanUp  tasks.o
    0x20002dd4        -       0x00000004   Zero   RW         2590    .bss.uxSchedulerSuspended  tasks.o
    0x20002dd8        -       0x00000004   Zero   RW         2579    .bss.uxTaskNumber   tasks.o
    0x20002ddc        -       0x00000004   Zero   RW         2589    .bss.uxTopReadyPriority  tasks.o
    0x20002de0        -       0x00000200   Zero   RW          282    .bss.vApplicationGetIdleTaskMemory.Idle_Stack  cmsis_os2.o
    0x20002fe0        -       0x0000005c   Zero   RW          281    .bss.vApplicationGetIdleTaskMemory.Idle_TCB  cmsis_os2.o
    0x2000303c        -       0x00000140   Zero   RW          284    .bss.vApplicationGetTimerTaskMemory.Timer_Stack  cmsis_os2.o
    0x2000317c        -       0x0000005c   Zero   RW          283    .bss.vApplicationGetTimerTaskMemory.Timer_TCB  cmsis_os2.o
    0x200031d8        -       0x00000014   Zero   RW         2671    .bss.xActiveTimerList1  timers.o
    0x200031ec        -       0x00000014   Zero   RW         2672    .bss.xActiveTimerList2  timers.o
    0x20003200        -       0x00000014   Zero   RW         2598    .bss.xDelayedTaskList1  tasks.o
    0x20003214        -       0x00000014   Zero   RW         2599    .bss.xDelayedTaskList2  tasks.o
    0x20003228        -       0x00000004   Zero   RW         2359    .bss.xFreeBytesRemaining  heap_4.o
    0x2000322c        -       0x00000004   Zero   RW         2594    .bss.xIdleTaskHandle  tasks.o
    0x20003230        -       0x00000004   Zero   RW         2361    .bss.xMinimumEverFreeBytesRemaining  heap_4.o
    0x20003234        -       0x00000004   Zero   RW         2595    .bss.xNextTaskUnblockTime  tasks.o
    0x20003238        -       0x00000004   Zero   RW         2597    .bss.xNumOfOverflows  tasks.o
    0x2000323c        -       0x00000004   Zero   RW         2362    .bss.xNumberOfSuccessfulAllocations  heap_4.o
    0x20003240        -       0x00000004   Zero   RW         2363    .bss.xNumberOfSuccessfulFrees  heap_4.o
    0x20003244        -       0x00000004   Zero   RW         2596    .bss.xPendedTicks   tasks.o
    0x20003248        -       0x00000014   Zero   RW         2592    .bss.xPendingReadyList  tasks.o
    0x2000325c        -       0x00000004   Zero   RW         2583    .bss.xSchedulerRunning  tasks.o
    0x20003260        -       0x00000008   Zero   RW         2360    .bss.xStart         heap_4.o
    0x20003268        -       0x00000014   Zero   RW         2587    .bss.xSuspendedTaskList  tasks.o
    0x2000327c        -       0x00000014   Zero   RW         2580    .bss.xTasksWaitingTermination  tasks.o
    0x20003290        -       0x00000004   Zero   RW         2584    .bss.xTickCount     tasks.o
    0x20003294        -       0x00000004   Zero   RW         2665    .bss.xTimerQueue    timers.o
    0x20003298        -       0x00000004   Zero   RW         2667    .bss.xTimerTaskHandle  timers.o
    0x2000329c        -       0x00000004   Zero   RW         2591    .bss.xYieldPending  tasks.o
    0x200032a0        -       0x00000400   Zero   RW         2226    STACK               startup_gd32f405_425_1.o


==============================================================================

Image component sizes


      Code (inc. data)   RO Data    RW Data    ZI Data      Debug   Object Name

      1372          0          0          0       1020      33181   cmsis_os2.o
      1818          4          0          0          0      11922   gd32f4xx_can.o
       530          0          0          0          0       4965   gd32f4xx_gpio.o
       110          0          0          0          0       1979   gd32f4xx_it.o
       326          0          0          0          0       3021   gd32f4xx_misc.o
       474          4          0          0          0      15030   gd32f4xx_rcu.o
      1142          0          0          0          0      12014   gd32f4xx_usart.o
       880          0          0          0       8220       4378   heap_4.o
       238          0          0          0          0       2282   list.o
      6764          0       2464          0       2202      16255   main.o
       626         16          0          4          0       2791   port.o
      1928          0          0          0          0      14343   queue.o
        36          8        392          0       1024        860   startup_gd32f405_425_1.o
       862          0          0          4          0       2445   system_gd32f4xx_1.o
      4172          0          9          0       1280      23187   tasks.o
      1694         10          8          0        220      10508   timers.o

    ----------------------------------------------------------------------
     23168         54       2908          8      13968     159161   Object Totals
         0          0         32          0          0          0   (incl. Generated)
       196         12          3          0          2          0   (incl. Padding)

    ----------------------------------------------------------------------

      Code (inc. data)   RO Data    RW Data    ZI Data      Debug   Library Member Name

        28          0          0          0          0         68   _chval.o
       158          0          0          0          0         92   _strtoul.o
        26          0          0          0          0         80   atoi.o
         8          4        133          0          0         68   ctype_o.o
         0          0          0          0          0          0   entry.o
         0          0          0          0          0          0   entry10a.o
         0          0          0          0          0          0   entry11a.o
         8          4          0          0          0          0   entry2.o
         4          0          0          0          0          0   entry5.o
         0          0          0          0          0          0   entry7b.o
         0          0          0          0          0          0   entry8b.o
         8          4          0          0          0          0   entry9a.o
         8          4          0          4          0         68   errno.o
        30          0          0          0          0          0   handlers.o
        36          8          0          0          0         68   init.o
         0          0          0          0          0          0   iusefp.o
        30          0          0          0          0         68   llshl.o
        36          0          0          0          0         68   llsshr.o
        32          0          0          0          0         68   llushr.o
       140          6         12          0          0         76   localtime_i.o
        36          0          0          0          0         68   memcpya.o
        36          0          0          0          0        108   memseta.o
       168         18         12          0          0         80   mktime.o
      2344        102          0          0          0        684   printfa.o
         0          0          0          4          0          0   stdout.o
        20          0          0          0          0         68   strchr.o
        14          0          0          0          0         68   strlen.o
        36          0          0          0          0         80   strstr.o
       112          0          0          0          0         88   strtol.o
        44          0          0          0          0         80   uidiv.o
        98          0          0          0          0         92   uldiv.o
        48          0          0          0          0         68   cdrcmple.o
       334          0          0          0          0        148   dadd.o
       222          0          0          0          0        100   ddiv.o
       186          0          0          0          0        176   depilogue.o
        48          0          0          0          0         68   dfixul.o
       228          0          0          0          0         96   dmul.o

    ----------------------------------------------------------------------
      4532        150        160          8          0       2796   Library Totals
         6          0          3          0          0          0   (incl. Padding)

    ----------------------------------------------------------------------

      Code (inc. data)   RO Data    RW Data    ZI Data      Debug   Library Name

      3460        150        157          8          0       2140   mc_w.l
      1066          0          0          0          0        656   mf_w.l

    ----------------------------------------------------------------------
      4532        150        160          8          0       2796   Library Totals

    ----------------------------------------------------------------------

==============================================================================


      Code (inc. data)   RO Data    RW Data    ZI Data      Debug   

     27700        204       3068         16      13968     160373   Grand Totals
     27700        204       3068         16      13968     160373   ELF Image Totals
     27700        204       3068         16          0          0   ROM Totals

==============================================================================

    Total RO  Size (Code + RO Data)                30768 (  30.05kB)
    Total RW  Size (RW Data + ZI Data)             13984 (  13.66kB)
    Total ROM Size (Code + RO Data + RW Data)      30784 (  30.06kB)

==============================================================================

